I (27705) HTTP_CLIENT: HTTP DISCON

W (27705) HTTP_CLIENT: <<<<HTTP DISCONNECTED>>>>

I (28615) DEBUG_TASK: TaskDebug_Gsm_Connecting

I (28705) HTTP_CLIENT: <<<<HTTPCLI INIT>>>>

I (29705) HTTP_CLIENT: <<<<HTTPCLI CONNECTING>>>>

I (34045) wifi: new:<1,0>, old:<1,0>, ap:<1,1>, sta:<0,0>, prof:1
I (34045) wifi: station: 38:80:df:6a:49:97 join, AID=1, bgn, 20
I (34205) WLAN: station 38:80:df:6a:49:97 join, AID=1
I (34495) tcpip_adapter: softAP assign IP to station,IP is: 192.168.4.2
I (39705) HTTP_CLIENT: HTTP DISCON

W (39705) HTTP_CLIENT: <<<<HTTP DISCONNECTED>>>>

I (40615) DEBUG_TASK: TaskDebug_Gsm_Connecting

I (40705) HTTP_CLIENT: <<<<HTTPCLI INIT>>>>

I (41225) HTTP_SERVER: Found header => Host: 192.168.4.1
I (41275) HTTP_SERVER: Request headers lost
I (41705) HTTP_CLIENT: <<<<HTTPCLI CONNECTING>>>>

I (45215) HTTP_SERVER: Found header => Host: 192.168.4.1
I (45225) HTTP_SERVER: Found URL query => esp_02=0000000000000000
I (45225) HTTP_SERVER: Found URL query parameter => DATA=0000000000000000
I (45235) HTTP_SERVER: CAN:200,05F0,0000000000000000

Guru Meditation Error: Core  1 panic'ed (LoadProhibited). Exception was unhandled.
Core 1 register dump:
PC      : 0x400014fd  PS      : 0x00060630  A0      : 0x8010366c  A1      : 0x3ffe57d0  
A2      : 0x00000000  A3      : 0xfffffffc  A4      : 0x000000ff  A5      : 0x0000ff00  
A6      : 0x00ff0000  A7      : 0xff000000  A8      : 0x00000000  A9      : 0x3e227465  
A10     : 0x3ffe9b8c  A11     : 0x00000003  A12     : 0x3ffd15f8  A13     : 0x0000000c  
A14     : 0x00000000  A15     : 0x3ffe5620  SAR     : 0x00000018  EXCCAUSE: 0x0000001c  
EXCVADDR: 0x00000000  LBEG    : 0x400014fd  LEND    : 0x4000150d  LCOUNT  : 0xffffffff  

ELF file SHA256: 80189438d080c286988316bbe2013c70dc9fdf0f4140d68d01283e6000fed24b

Backtrace: 0x400014fa:0x3ffe57d0 |<-CORRUPTED

Rebooting...
ets Jun  8 2016 00:22:57

rst:0xc (SW_CPU_RESET),boot:0x13 (SPI_FAST_FLASH_BOOT)
configsip: 0, SPIWP:0xee
clk_drv:0x00,q_drv:0x00,d_drv:0x00,cs0_drv:0x00,hd_drv:0x00,wp_drv:0x00
mode:DIO, clock div:2
load:0x3fff0018,len:4
load:0x3fff001c,len:6868
load:0x40078000,len:14724
ho 0 tail 12 room 4
load:0x40080400,len:4292
entry 0x400806e4
I (72) boot: Chip Revision: 1
I (72) boot_comm: chip revision: 1, min. bootloader chip revision: 0
I (41) boot: ESP-IDF  2nd stage bootloader
I (41) boot: compile time 14:28:13
I (52) boot: Enabling RNG early entropy source...
I (52) boot: SPI Speed      : 40MHz
I (52) boot: SPI Mode       : DIO
I (56) boot: SPI Flash Size : 4MB
I (60) boot: Partition Table:
I (64) boot: ## Label            Usage          Type ST Offset   Length
I (71) boot:  0 nvs              WiFi data        01 02 00009000 00006000
I (78) boot:  1 phy_init         RF data          01 01 0000f000 00001000
I (86) boot:  2 factory          factory app      00 00 00010000 00160000
I (93) boot:  3 storage          Unknown data     01 82 00170000 00030000
I (101) boot: End of partition table
I (105) boot_comm: chip revision: 1, min. application chip revision: 0
I (112) esp_image: segment 0: paddr=0x00010020 vaddr=0x3f400020 size=0x3824c (229964) map
I (203) esp_image: segment 1: paddr=0x00048274 vaddr=0x3ffbdb60 size=0x04c1c ( 19484) load
I (211) esp_image: segment 2: paddr=0x0004ce98 vaddr=0x40080000 size=0x00400 (  1024) load
I (211) esp_image: segment 3: paddr=0x0004d2a0 vaddr=0x40080400 size=0x02d70 ( 11632) load
I (223) esp_image: segment 4: paddr=0x00050018 vaddr=0x400d0018 size=0xf3c6c (998508) map
I (581) esp_image: segment 5: paddr=0x00143c8c vaddr=0x40083170 size=0x1a39c (107420) load
I (626) esp_image: segment 6: paddr=0x0015e030 vaddr=0x400c0000 size=0x00064 (   100) load
I (645) boot: Loaded app from partition at offset 0x10000
I (645) boot: Disabling RNG early entropy source...
I (645) cpu_start: Pro cpu up.
I (649) cpu_start: Application information:
I (654) cpu_start: Project name:     cuv
I (658) cpu_start: App version:      83414d2-dirty
I (664) cpu_start: Compile time:     Jul  1 2020 10:59:07
I (670) cpu_start: ELF file SHA256:  80189438d080c286...
I (676) cpu_start: ESP-IDF:          
I (680) cpu_start: Starting app cpu, entry point is 0x40081324
I (666) cpu_start: App cpu up.
I (691) heap_init: Initializing. RAM available for dynamic allocation:
I (697) heap_init: At 3FFAFF10 len 000000F0 (0 KiB): DRAM
I (704) heap_init: At 3FFB6388 len 00001C78 (7 KiB): DRAM
I (710) heap_init: At 3FFB9A20 len 00004108 (16 KiB): DRAM
I (716) heap_init: At 3FFBDB5C len 00000004 (0 KiB): DRAM
I (722) heap_init: At 3FFD0848 len 0000F7B8 (61 KiB): DRAM
I (728) heap_init: At 3FFE0440 len 00003AE0 (14 KiB): D/IRAM
I (734) heap_init: At 3FFE4350 len 0001BCB0 (111 KiB): D/IRAM
I (741) heap_init: At 4009D50C len 00002AF4 (10 KiB): IRAM
I (747) cpu_start: Pro cpu start user code
I (766) spi_flash: detected chip: generic
I (766) spi_flash: flash io: dio
I (767) cpu_start: Starting scheduler on PRO CPU.
I (0) cpu_start: Starting scheduler on APP CPU.
This is ESP32 chip with 2 CPU cores, WiFi/BT/BLE, silicon revision 1, 4MB external flash
I (10) SD_TASK: INIT

I (795) SD_TASK: Initializing SPIFFS
I (2245) SD_TASK: Partition size: total: 173441, used: 1757
I (2595) SD_TASK: CONFIG.TXT

I (2735) SD_TASK: Reading Config file
I (3095) SD_TASK: 
cConfigFileVersion=2.0

I (3095) SD_TASK: 
u32TimeToSleepInSec=180

I (3095) SD_TASK: 
u32PeriodLogInSec=30

I (3095) SD_TASK: 
cBuzzerStatus=OFF

I (3095) SD_TASK: 
cWifiAPName=Iphone4_EXT
cWifiPwd=poliana90

I (3105) SD_TASK: 
cHttpDomain=gpslogger.esy.es

I (3115) SD_TASK: 
cPageUrl=http://gpslogger.esy.es/pages/upload/index.php

I (3125) SD_TASK: 
cApn=vodafone.br
cApnLogin= 
cApnPassword= 

I (3125) SD_TASK: 
u32ModemPeriodTxInSec=120

I (3135) BTDM_INIT: BT controller compile version [79dd6f1]
I (3135) system_api: Base MAC address is not set, read default base MAC address from BLK0 of EFUSE
I (3245) phy: phy_version: 4180, cb3948e, Sep 12 2019, 16:39:13, 0, 0
I (3255) GATTS_SPP_DEMO: BleInit init bluetooth

I (3615) DEBUG_TASK: Jun 25 2020
I (3615) DEBUG_TASK: 16:11:43
I (3615) DEBUG_TASK: SOFTWARE_VERSION:2.0.0
I (3615) DEBUG_TASK: 

I (3625) wifi: wifi driver task: 3ffdd258, prio:23, stack:3584, core=0
I (3625) system_api: Base MAC address is not set, read default base MAC address from BLK0 of EFUSE
I (3635) system_api: Base MAC address is not set, read default base MAC address from BLK0 of EFUSE
I (3665) wifi: wifi firmware version: 581f422
I (3665) wifi: config NVS flash: enabled
I (3665) wifi: config nano formating: disabled
I (3665) wifi: Init dynamic tx buffer num: 32
I (3665) wifi: Init data frame dynamic rx buffer num: 32
I (3675) wifi: Init management frame dynamic rx buffer num: 32
I (3685) wifi: Init management short buffer num: 32
I (3685) wifi: Init static rx buffer size: 1600
I (3685) wifi: Init static rx buffer num: 10
I (3695) wifi: Init dynamic rx buffer num: 32
I (3695) WLAN: WiFi configuration:Iphone4_EXT,poliana90
I (4685) wifi: mode : sta (24:0a:c4:31:ed:68) + softAP (24:0a:c4:31:ed:69)
I (4695) wifi: Total power save buffer number: 16
I (4695) wifi: Init max length of beacon: 752/752
I (4695) wifi: Init max length of beacon: 752/752
I (4695) HTTP_SERVER: Starting server on port: '80'
I (4705) HTTP_SERVER: Registering URI handlers
I (4715) HTTP_CLIENT: <<<<HTTPCLI INIT>>>>

I (4715) gpio: GPIO[36]| InputEn: 1| OutputEn: 0| OpenDrain: 0| Pullup: 0| Pulldown: 1| Intr:0 
I (4725) gpio: GPIO[12]| InputEn: 0| OutputEn: 1| OpenDrain: 0| Pullup: 0| Pulldown: 0| Intr:0 
CAN:Driver installed
CAN:Driver started
I (4745) IO_TASK: TaskIo_Init

I (4755) GATTS_SPP_DEMO: The number handle =b

E (4755) GATTS_SPP_DEMO: GAP_EVT, event 4

E (4765) GATTS_SPP_DEMO: GAP_EVT, event 6

I (5715) HTTP_CLIENT: <<<<HTTPCLI CONNECTING>>>>

I (15715) HTTP_CLIENT: HTTP DISCON

W (15715) HTTP_CLIENT: <<<<HTTP DISCONNECTED>>>>

I (16625) DEBUG_TASK: TaskDebug_Gsm_Connecting

I (16715) HTTP_CLIENT: <<<<HTTPCLI INIT>>>>

I (17715) HTTP_CLIENT: <<<<HTTPCLI CONNECTING>>>>

I (25125) wifi: new:<1,0>, old:<1,0>, ap:<1,1>, sta:<0,0>, prof:1
I (25125) wifi: station: 38:80:df:6a:49:97 join, AID=1, bgn, 20
I (25255) WLAN: station 38:80:df:6a:49:97 join, AID=1
I (25545) tcpip_adapter: softAP assign IP to station,IP is: 192.168.4.2
I (27605) tcpip_adapter: softAP assign IP to station,IP is: 192.168.4.2
I (27715) HTTP_CLIENT: HTTP DISCON

W (27715) HTTP_CLIENT: <<<<HTTP DISCONNECTED>>>>

I (28255) HTTP_SERVER: Found header => Host: 192.168.4.1
I (28255) HTTP_SERVER: Found URL query => esp_02=0000000000000000
I (28255) HTTP_SERVER: Found URL query parameter => DATA=0000000000000000
I (28265) HTTP_SERVER: CAN:200,05F0,0000000000000000

Guru Meditation Error: Core  1 panic'ed (LoadProhibited). Exception was unhandled.
Core 1 register dump:
PC      : 0x400014fd  PS      : 0x00060830  A0      : 0x8010366c  A1      : 0x3ffe59e0  
A2      : 0x00000000  A3      : 0xfffffffc  A4      : 0x000000ff  A5      : 0x0000ff00  
A6      : 0x00ff0000  A7      : 0xff000000  A8      : 0x00000000  A9      : 0x3e227465  
A10     : 0x3ffe9c4c  A11     : 0x00000003  A12     : 0x3ffd15f8  A13     : 0x0000000c  
A14     : 0x00000000  A15     : 0x3ffe5830  SAR     : 0x00000018  EXCCAUSE: 0x0000001c  
EXCVADDR: 0x00000000  LBEG    : 0x400014fd  LEND    : 0x4000150d  LCOUNT  : 0xffffffff  

ELF file SHA256: 80189438d080c286988316bbe2013c70dc9fdf0f4140d68d01283e6000fed24b

Backtrace: 0x400014fa:0x3ffe59e0 |<-CORRUPTED

Rebooting...
ets Jun  8 2016 00:22:57

rst:0xc (SW_CPU_RESET),boot:0x13 (SPI_FAST_FLASH_BOOT)
configsip: 0, SPIWP:0xee
clk_drv:0x00,q_drv:0x00,d_drv:0x00,cs0_drv:0x00,hd_drv:0x00,wp_drv:0x00
mode:DIO, clock div:2
load:0x3fff0018,len:4
load:0x3fff001c,len:6868
load:0x40078000,len:14724
ho 0 tail 12 room 4
load:0x40080400,len:4292
entry 0x400806e4
I (72) boot: Chip Revision: 1
I (72) boot_comm: chip revision: 1, min. bootloader chip revision: 0
I (41) boot: ESP-IDF  2nd stage bootloader
I (41) boot: compile time 14:28:13
I (52) boot: Enabling RNG early entropy source...
I (52) boot: SPI Speed      : 40MHz
I (52) boot: SPI Mode       : DIO
I (56) boot: SPI Flash Size : 4MB
I (60) boot: Partition Table:
I (64) boot: ## Label            Usage          Type ST Offset   Length
I (71) boot:  0 nvs              WiFi data        01 02 00009000 00006000
I (78) boot:  1 phy_init         RF data          01 01 0000f000 00001000
I (86) boot:  2 factory          factory app      00 00 00010000 00160000
I (93) boot:  3 storage          Unknown data     01 82 00170000 00030000
I (101) boot: End of partition table
I (105) boot_comm: chip revision: 1, min. application chip revision: 0
I (112) esp_image: segment 0: paddr=0x00010020 vaddr=0x3f400020 size=0x3824c (229964) map
I (203) esp_image: segment 1: paddr=0x00048274 vaddr=0x3ffbdb60 size=0x04c1c ( 19484) load
I (211) esp_image: segment 2: paddr=0x0004ce98 vaddr=0x40080000 size=0x00400 (  1024) load
I (211) esp_image: segment 3: paddr=0x0004d2a0 vaddr=0x40080400 size=0x02d70 ( 11632) load
I (223) esp_image: segment 4: paddr=0x00050018 vaddr=0x400d0018 size=0xf3c6c (998508) map
I (581) esp_image: segment 5: paddr=0x00143c8c vaddr=0x40083170 size=0x1a39c (107420) load
I (626) esp_image: segment 6: paddr=0x0015e030 vaddr=0x400c0000 size=0x00064 (   100) load
I (645) boot: Loaded app from partition at offset 0x10000
I (645) boot: Disabling RNG early entropy source...
I (645) cpu_start: Pro cpu up.
I (649) cpu_start: Application information:
I (654) cpu_start: Project name:     cuv
I (658) cpu_start: App version:      83414d2-dirty
I (664) cpu_start: Compile time:     Jul  1 2020 10:59:07
I (670) cpu_start: ELF file SHA256:  80189438d080c286...
I (676) cpu_start: ESP-IDF:          
I (680) cpu_start: Starting app cpu, entry point is 0x40081324
I (666) cpu_start: App cpu up.
I (691) heap_init: Initializing. RAM available for dynamic allocation:
I (697) heap_init: At 3FFAFF10 len 000000F0 (0 KiB): DRAM
I (704) heap_init: At 3FFB6388 len 00001C78 (7 KiB): DRAM
I (710) heap_init: At 3FFB9A20 len 00004108 (16 KiB): DRAM
I (716) heap_init: At 3FFBDB5C len 00000004 (0 KiB): DRAM
I (722) heap_init: At 3FFD0848 len 0000F7B8 (61 KiB): DRAM
I (728) heap_init: At 3FFE0440 len 00003AE0 (14 KiB): D/IRAM
I (734) heap_init: At 3FFE4350 len 0001BCB0 (111 KiB): D/IRAM
I (741) heap_init: At 4009D50C len 00002AF4 (10 KiB): IRAM
I (747) cpu_start: Pro cpu start user code
I (766) spi_flash: detected chip: generic
I (766) spi_flash: flash io: dio
I (767) cpu_start: Starting scheduler on PRO CPU.
I (0) cpu_start: Starting scheduler on APP CPU.
This is ESP32 chip with 2 CPU cores, WiFi/BT/BLE, silicon revision 1, 4MB external flash
I (10) SD_TASK: INIT

I (795) SD_TASK: Initializing SPIFFS
I (2245) SD_TASK: Partition size: total: 173441, used: 1757
I (2595) SD_TASK: CONFIG.TXT

I (2735) SD_TASK: Reading Config file
I (3095) SD_TASK: 
cConfigFileVersion=2.0

I (3095) SD_TASK: 
u32TimeToSleepInSec=180

I (3095) SD_TASK: 
u32PeriodLogInSec=30

I (3095) SD_TASK: 
cBuzzerStatus=OFF

I (3095) SD_TASK: 
cWifiAPName=Iphone4_EXT
cWifiPwd=poliana90

I (3105) SD_TASK: 
cHttpDomain=gpslogger.esy.es

I (3115) SD_TASK: 
cPageUrl=http://gpslogger.esy.es/pages/upload/index.php

I (3125) SD_TASK: 
cApn=vodafone.br
cApnLogin= 
cApnPassword= 

I (3125) SD_TASK: 
u32ModemPeriodTxInSec=120

I (3135) BTDM_INIT: BT controller compile version [79dd6f1]
I (3135) system_api: Base MAC address is not set, read default base MAC address from BLK0 of EFUSE
I (3245) phy: phy_version: 4180, cb3948e, Sep 12 2019, 16:39:13, 0, 0
I (3255) GATTS_SPP_DEMO: BleInit init bluetooth

I (3615) DEBUG_TASK: Jun 25 2020
I (3615) DEBUG_TASK: 16:11:43
I (3615) DEBUG_TASK: SOFTWARE_VERSION:2.0.0
I (3615) DEBUG_TASK: 

I (3625) wifi: wifi driver task: 3ffdd258, prio:23, stack:3584, core=0
I (3625) system_api: Base MAC address is not set, read default base MAC address from BLK0 of EFUSE
I (3635) system_api: Base MAC address is not set, read default base MAC address from BLK0 of EFUSE
I (3665) wifi: wifi firmware version: 581f422
I (3665) wifi: config NVS flash: enabled
I (3665) wifi: config nano formating: disabled
I (3665) wifi: Init dynamic tx buffer num: 32
I (3665) wifi: Init data frame dynamic rx buffer num: 32
I (3675) wifi: Init management frame dynamic rx buffer num: 32
I (3675) wifi: Init management short buffer num: 32
I (3685) wifi: Init static rx buffer size: 1600
I (3685) wifi: Init static rx buffer num: 10
I (3695) wifi: Init dynamic rx buffer num: 32
I (3695) WLAN: WiFi configuration:Iphone4_EXT,poliana90
I (4685) wifi: mode : sta (24:0a:c4:31:ed:68) + softAP (24:0a:c4:31:ed:69)
I (4695) wifi: Total power save buffer number: 16
I (4695) wifi: Init max length of beacon: 752/752
I (4695) wifi: Init max length of beacon: 752/752
I (4695) HTTP_SERVER: Starting server on port: '80'
I (4705) HTTP_SERVER: Registering URI handlers
I (4705) HTTP_CLIENT: <<<<HTTPCLI INIT>>>>

I (4705) gpio: GPIO[36]| InputEn: 1| OutputEn: 0| OpenDrain: 0| Pullup: 0| Pulldown: 1| Intr:0 
I (4725) gpio: GPIO[12]| InputEn: 0| OutputEn: 1| OpenDrain: 0| Pullup: 0| Pulldown: 0| Intr:0 
CAN:Driver installed
CAN:Driver started
I (4745) IO_TASK: TaskIo_Init

I (4755) GATTS_SPP_DEMO: The number handle =b

E (4755) GATTS_SPP_DEMO: GAP_EVT, event 4

E (4765) GATTS_SPP_DEMO: GAP_EVT, event 6

I (5705) HTTP_CLIENT: <<<<HTTPCLI CONNECTING>>>>

I (5965) wifi: new:<1,0>, old:<1,0>, ap:<1,1>, sta:<0,0>, prof:1
I (5965) wifi: station: 38:80:df:6a:49:97 join, AID=1, bgn, 20
I (11055) wifi: station: 38:80:df:6a:49:97 leave, AID = 1, bss_flags is 134242, bss:0x3ffe8e6c
I (11055) wifi: new:<1,0>, old:<1,0>, ap:<1,1>, sta:<0,0>, prof:1
I (12115) wifi: new:<1,0>, old:<1,0>, ap:<1,1>, sta:<0,0>, prof:1
I (12115) wifi: station: 38:80:df:6a:49:97 join, AID=1, bgn, 20
I (12255) WLAN: station 38:80:df:6a:49:97 join, AID=1
I (12445) tcpip_adapter: softAP assign IP to station,IP is: 192.168.4.2
I (13215) HTTP_SERVER: Found header => Host: 192.168.4.1
I (13215) HTTP_SERVER: Found URL query => esp_02=0000000000000000
I (13215) HTTP_SERVER: Found URL query parameter => DATA=0000000000000000
I (13225) HTTP_SERVER: CAN:200,05F0,0000000000000000

Guru Meditation Error: Core  1 panic'ed (LoadProhibited). Exception was unhandled.
Core 1 register dump:
PC      : 0x400014fd  PS      : 0x00060030  A0      : 0x8010366c  A1      : 0x3ffe59e0  
A2      : 0x00000000  A3      : 0xfffffffc  A4      : 0x000000ff  A5      : 0x0000ff00  
A6      : 0x00ff0000  A7      : 0xff000000  A8      : 0x00000000  A9      : 0x3e227465  
A10     : 0x3ffe93cc  A11     : 0x00000003  A12     : 0x3ffd15f8  A13     : 0x0000000c  
A14     : 0x00000000  A15     : 0x3ffe5830  SAR     : 0x00000018  EXCCAUSE: 0x0000001c  
EXCVADDR: 0x00000000  LBEG    : 0x400014fd  LEND    : 0x4000150d  LCOUNT  : 0xffffffff  

ELF file SHA256: 80189438d080c286988316bbe2013c70dc9fdf0f4140d68d01283e6000fed24b

Backtrace: 0x400014fa:0x3ffe59e0 |<-CORRUPTED

Rebooting...
ets Jun  8 2016 00:22:57

rst:0xc (SW_CPU_RESET),boot:0x13 (SPI_FAST_FLASH_BOOT)
configsip: 0, SPIWP:0xee
clk_drv:0x00,q_drv:0x00,d_drv:0x00,cs0_drv:0x00,hd_drv:0x00,wp_drv:0x00
mode:DIO, clock div:2
load:0x3fff0018,len:4
load:0x3fff001c,len:6868
load:0x40078000,len:14724
ho 0 tail 12 room 4
load:0x40080400,len:4292
entry 0x400806e4
I (72) boot: Chip Revision: 1
I (72) boot_comm: chip revision: 1, min. bootloader chip revision: 0
I (41) boot: ESP-IDF  2nd stage bootloader
I (41) boot: compile time 14:28:13
I (52) boot: Enabling RNG early entropy source...
I (52) boot: SPI Speed      : 40MHz
I (53) boot: SPI Mode       : DIO
I (56) boot: SPI Flash Size : 4MB
I (60) boot: Partition Table:
I (64) boot: ## Label            Usage          Type ST Offset   Length
I (71) boot:  0 nvs              WiFi data        01 02 00009000 00006000
I (78) boot:  1 phy_init         RF data          01 01 0000f000 00001000
I (86) boot:  2 factory          factory app      00 00 00010000 00160000
I (93) boot:  3 storage          Unknown data     01 82 00170000 00030000
I (101) boot: End of partition table
I (105) boot_comm: chip revision: 1, min. application chip revision: 0
I (112) esp_image: segment 0: paddr=0x00010020 vaddr=0x3f400020 size=0x3824c (229964) map
I (203) esp_image: segment 1: paddr=0x00048274 vaddr=0x3ffbdb60 size=0x04c1c ( 19484) load
I (211) esp_image: segment 2: paddr=0x0004ce98 vaddr=0x40080000 size=0x00400 (  1024) load
I (211) esp_image: segment 3: paddr=0x0004d2a0 vaddr=0x40080400 size=0x02d70 ( 11632) load
I (223) esp_image: segment 4: paddr=0x00050018 vaddr=0x400d0018 size=0xf3c6c (998508) map
I (581) esp_image: segment 5: paddr=0x00143c8c vaddr=0x40083170 size=0x1a39c (107420) load
I (626) esp_image: segment 6: paddr=0x0015e030 vaddr=0x400c0000 size=0x00064 (   100) load
I (645) boot: Loaded app from partition at offset 0x10000
I (645) boot: Disabling RNG early entropy source...
I (645) cpu_start: Pro cpu up.
I (649) cpu_start: Application information:
I (654) cpu_start: Project name:     cuv
I (658) cpu_start: App version:      83414d2-dirty
I (664) cpu_start: Compile time:     Jul  1 2020 10:59:07
I (670) cpu_start: ELF file SHA256:  80189438d080c286...
I (676) cpu_start: ESP-IDF:          
I (680) cpu_start: Starting app cpu, entry point is 0x40081324
I (666) cpu_start: App cpu up.
I (691) heap_init: Initializing. RAM available for dynamic allocation:
I (697) heap_init: At 3FFAFF10 len 000000F0 (0 KiB): DRAM
I (704) heap_init: At 3FFB6388 len 00001C78 (7 KiB): DRAM
I (710) heap_init: At 3FFB9A20 len 00004108 (16 KiB): DRAM
I (716) heap_init: At 3FFBDB5C len 00000004 (0 KiB): DRAM
I (722) heap_init: At 3FFD0848 len 0000F7B8 (61 KiB): DRAM
I (728) heap_init: At 3FFE0440 len 00003AE0 (14 KiB): D/IRAM
I (734) heap_init: At 3FFE4350 len 0001BCB0 (111 KiB): D/IRAM
I (741) heap_init: At 4009D50C len 00002AF4 (10 KiB): IRAM
I (747) cpu_start: Pro cpu start user code
I (766) spi_flash: detected chip: generic
I (766) spi_flash: flash io: dio
I (767) cpu_start: Starting scheduler on PRO CPU.
I (0) cpu_start: Starting scheduler on APP CPU.
This is ESP32 chip with 2 CPU cores, WiFi/BT/BLE, silicon revision 1, 4MB external flash
I (10) SD_TASK: INIT

I (795) SD_TASK: Initializing SPIFFS
I (2245) SD_TASK: Partition size: total: 173441, used: 1757
I (2595) SD_TASK: CONFIG.TXT

I (2735) SD_TASK: Reading Config file
I (3095) SD_TASK: 
cConfigFileVersion=2.0

I (3095) SD_TASK: 
u32TimeToSleepInSec=180

I (3095) SD_TASK: 
u32PeriodLogInSec=30

I (3095) SD_TASK: 
cBuzzerStatus=OFF

I (3095) SD_TASK: 
cWifiAPName=Iphone4_EXT
cWifiPwd=poliana90

I (3105) SD_TASK: 
cHttpDomain=gpslogger.esy.es

I (3115) SD_TASK: 
cPageUrl=http://gpslogger.esy.es/pages/upload/index.php

I (3125) SD_TASK: 
cApn=vodafone.br
cApnLogin= 
cApnPassword= 

I (3125) SD_TASK: 
u32ModemPeriodTxInSec=120

I (3135) BTDM_INIT: BT controller compile version [79dd6f1]
I (3135) system_api: Base MAC address is not set, read default base MAC address from BLK0 of EFUSE
I (3245) phy: phy_version: 4180, cb3948e, Sep 12 2019, 16:39:13, 0, 0
I (3245) GATTS_SPP_DEMO: BleInit init bluetooth

I (3605) DEBUG_TASK: Jun 25 2020
I (3605) DEBUG_TASK: 16:11:43
I (3605) DEBUG_TASK: SOFTWARE_VERSION:2.0.0
I (3605) DEBUG_TASK: 

I (3615) wifi: wifi driver task: 3ffdd258, prio:23, stack:3584, core=0
I (3615) system_api: Base MAC address is not set, read default base MAC address from BLK0 of EFUSE
I (3625) system_api: Base MAC address is not set, read default base MAC address from BLK0 of EFUSE
I (3655) wifi: wifi firmware version: 581f422
I (3655) wifi: config NVS flash: enabled
I (3655) wifi: config nano formating: disabled
I (3655) wifi: Init dynamic tx buffer num: 32
I (3655) wifi: Init data frame dynamic rx buffer num: 32
I (3665) wifi: Init management frame dynamic rx buffer num: 32
I (3665) wifi: Init management short buffer num: 32
I (3675) wifi: Init static rx buffer size: 1600
I (3675) wifi: Init static rx buffer num: 10
I (3685) wifi: Init dynamic rx buffer num: 32
I (3685) WLAN: WiFi configuration:Iphone4_EXT,poliana90
I (4675) wifi: mode : sta (24:0a:c4:31:ed:68) + softAP (24:0a:c4:31:ed:69)
I (4685) wifi: Total power save buffer number: 16
I (4685) wifi: Init max length of beacon: 752/752
I (4685) wifi: Init max length of beacon: 752/752
I (4685) HTTP_SERVER: Starting server on port: '80'
I (4695) HTTP_SERVER: Registering URI handlers
I (4705) HTTP_CLIENT: <<<<HTTPCLI INIT>>>>

I (4705) gpio: GPIO[36]| InputEn: 1| OutputEn: 0| OpenDrain: 0| Pullup: 0| Pulldown: 1| Intr:0 
I (4715) gpio: GPIO[12]| InputEn: 0| OutputEn: 1| OpenDrain: 0| Pullup: 0| Pulldown: 0| Intr:0 
CAN:Driver installed
CAN:Driver started
I (4735) IO_TASK: TaskIo_Init

I (4745) GATTS_SPP_DEMO: The number handle =b

E (4745) GATTS_SPP_DEMO: GAP_EVT, event 4

E (4755) GATTS_SPP_DEMO: GAP_EVT, event 6

I (5695) HTTP_CLIENT: <<<<HTTPCLI CONNECTING>>>>

I (15695) HTTP_CLIENT: HTTP DISCON

W (15695) HTTP_CLIENT: <<<<HTTP DISCONNECTED>>>>

I (16605) DEBUG_TASK: TaskDebug_Gsm_Connecting

I (16695) HTTP_CLIENT: <<<<HTTPCLI INIT>>>>

I (17695) HTTP_CLIENT: <<<<HTTPCLI CONNECTING>>>>

I (26055) wifi: new:<1,0>, old:<1,0>, ap:<1,1>, sta:<0,0>, prof:1
I (26055) wifi: station: 38:80:df:6a:49:97 join, AID=1, bgn, 20
I (26195) WLAN: station 38:80:df:6a:49:97 join, AID=1
I (26505) tcpip_adapter: softAP assign IP to station,IP is: 192.168.4.2
I (27695) HTTP_CLIENT: HTTP DISCON

W (27695) HTTP_CLIENT: <<<<HTTP DISCONNECTED>>>>

I (28325) tcpip_adapter: softAP assign IP to station,IP is: 192.168.4.2
I (28605) DEBUG_TASK: TaskDebug_Gsm_Connecting

I (28695) HTTP_CLIENT: <<<<HTTPCLI INIT>>>>

I (29115) HTTP_SERVER: Found header => Host: 192.168.4.1
I (29115) HTTP_SERVER: Found URL query => esp_02=0000000000000000
I (29115) HTTP_SERVER: Found URL query parameter => DATA=0000000000000000
I (29125) HTTP_SERVER: CAN:200,05F0,0000000000000000

Guru Meditation Error: Core  1 panic'ed (LoadProhibited). Exception was unhandled.
Core 1 register dump:
PC      : 0x400014fd  PS      : 0x00060030  A0      : 0x8010366c  A1      : 0x3ffe59f0  
A2      : 0x00000000  A3      : 0xfffffffc  A4      : 0x000000ff  A5      : 0x0000ff00  
A6      : 0x00ff0000  A7      : 0xff000000  A8      : 0x00000000  A9      : 0x3e227465  
A10     : 0x3ffe96dc  A11     : 0x00000003  A12     : 0x3ffd15f8  A13     : 0x0000000c  
A14     : 0x00000000  A15     : 0x3ffe5840  SAR     : 0x00000018  EXCCAUSE: 0x0000001c  
EXCVADDR: 0x00000000  LBEG    : 0x400014fd  LEND    : 0x4000150d  LCOUNT  : 0xffffffff  

ELF file SHA256: 80189438d080c286988316bbe2013c70dc9fdf0f4140d68d01283e6000fed24b

Backtrace: 0x400014fa:0x3ffe59f0 |<-CORRUPTED

Rebooting...
ets Jun  8 2016 00:22:57

rst:0xc (SW_CPU_RESET),boot:0x13 (SPI_FAST_FLASH_BOOT)
configsip: 0, SPIWP:0xee
clk_drv:0x00,q_drv:0x00,d_drv:0x00,cs0_drv:0x00,hd_drv:0x00,wp_drv:0x00
mode:DIO, clock div:2
load:0x3fff0018,len:4
load:0x3fff001c,len:6868
load:0x40078000,len:14724
ho 0 tail 12 room 4
load:0x40080400,len:4292
entry 0x400806e4
I (72) boot: Chip Revision: 1
I (72) boot_comm: chip revision: 1, min. bootloader chip revision: 0
I (41) boot: ESP-IDF  2nd stage bootloader
I (41) boot: compile time 14:28:13
I (52) boot: Enabling RNG early entropy source...
I (52) boot: SPI Speed      : 40MHz
I (53) boot: SPI Mode       : DIO
I (56) boot: SPI Flash Size : 4MB
I (60) boot: Partition Table:
I (64) boot: ## Label            Usage          Type ST Offset   Length
I (71) boot:  0 nvs              WiFi data        01 02 00009000 00006000
I (78) boot:  1 phy_init         RF data          01 01 0000f000 00001000
I (86) boot:  2 factory          factory app      00 00 00010000 00160000
I (93) boot:  3 storage          Unknown data     01 82 00170000 00030000
I (101) boot: End of partition table
I (105) boot_comm: chip revision: 1, min. application chip revision: 0
I (112) esp_image: segment 0: paddr=0x00010020 vaddr=0x3f400020 size=0x3824c (229964) map
I (203) esp_image: segment 1: paddr=0x00048274 vaddr=0x3ffbdb60 size=0x04c1c ( 19484) load
I (211) esp_image: segment 2: paddr=0x0004ce98 vaddr=0x40080000 size=0x00400 (  1024) load
I (211) esp_image: segment 3: paddr=0x0004d2a0 vaddr=0x40080400 size=0x02d70 ( 11632) load
I (223) esp_image: segment 4: paddr=0x00050018 vaddr=0x400d0018 size=0xf3c6c (998508) map
I (581) esp_image: segment 5: paddr=0x00143c8c vaddr=0x40083170 size=0x1a39c (107420) load
I (626) esp_image: segment 6: paddr=0x0015e030 vaddr=0x400c0000 size=0x00064 (   100) load
I (645) boot: Loaded app from partition at offset 0x10000
I (645) boot: Disabling RNG early entropy source...
I (645) cpu_start: Pro cpu up.
I (649) cpu_start: Application information:
I (654) cpu_start: Project name:     cuv
I (658) cpu_start: App version:      83414d2-dirty
I (664) cpu_start: Compile time:     Jul  1 2020 10:59:07
I (670) cpu_start: ELF file SHA256:  80189438d080c286...
I (676) cpu_start: ESP-IDF:          
I (680) cpu_start: Starting app cpu, entry point is 0x40081324
I (666) cpu_start: App cpu up.
I (691) heap_init: Initializing. RAM available for dynamic allocation:
I (697) heap_init: At 3FFAFF10 len 000000F0 (0 KiB): DRAM
I (704) heap_init: At 3FFB6388 len 00001C78 (7 KiB): DRAM
I (710) heap_init: At 3FFB9A20 len 00004108 (16 KiB): DRAM
I (716) heap_init: At 3FFBDB5C len 00000004 (0 KiB): DRAM
I (722) heap_init: At 3FFD0848 len 0000F7B8 (61 KiB): DRAM
I (728) heap_init: At 3FFE0440 len 00003AE0 (14 KiB): D/IRAM
I (734) heap_init: At 3FFE4350 len 0001BCB0 (111 KiB): D/IRAM
I (741) heap_init: At 4009D50C len 00002AF4 (10 KiB): IRAM
I (747) cpu_start: Pro cpu start user code
I (766) spi_flash: detected chip: generic
I (766) spi_flash: flash io: dio
I (767) cpu_start: Starting scheduler on PRO CPU.
I (0) cpu_start: Starting scheduler on APP CPU.
This is ESP32 chip with 2 CPU cores, WiFi/BT/BLE, silicon revision 1, 4MB external flash
I (10) SD_TASK: INIT

I (795) SD_TASK: Initializing SPIFFS
I (2245) SD_TASK: Partition size: total: 173441, used: 1757
I (2595) SD_TASK: CONFIG.TXT

I (2735) SD_TASK: Reading Config file
I (3095) SD_TASK: 
cConfigFileVersion=2.0

I (3095) SD_TASK: 
u32TimeToSleepInSec=180

I (3095) SD_TASK: 
u32PeriodLogInSec=30

I (3095) SD_TASK: 
cBuzzerStatus=OFF

I (3095) SD_TASK: 
cWifiAPName=Iphone4_EXT
cWifiPwd=poliana90

I (3105) SD_TASK: 
cHttpDomain=gpslogger.esy.es

I (3115) SD_TASK: 
cPageUrl=http://gpslogger.esy.es/pages/upload/index.php

I (3125) SD_TASK: 
cApn=vodafone.br
cApnLogin= 
cApnPassword= 

I (3125) SD_TASK: 
u32ModemPeriodTxInSec=120

I (3135) BTDM_INIT: BT controller compile version [79dd6f1]
I (3135) system_api: Base MAC address is not set, read default base MAC address from BLK0 of EFUSE
I (3245) phy: phy_version: 4180, cb3948e, Sep 12 2019, 16:39:13, 0, 0
I (3255) GATTS_SPP_DEMO: BleInit init bluetooth

I (3625) DEBUG_TASK: Jun 25 2020
I (3625) DEBUG_TASK: 16:11:43
I (3625) DEBUG_TASK: SOFTWARE_VERSION:2.0.0
I (3625) DEBUG_TASK: 

I (3635) wifi: wifi driver task: 3ffdd258, prio:23, stack:3584, core=0
I (3635) system_api: Base MAC address is not set, read default base MAC address from BLK0 of EFUSE
I (3645) system_api: Base MAC address is not set, read default base MAC address from BLK0 of EFUSE
I (3675) wifi: wifi firmware version: 581f422
I (3675) wifi: config NVS flash: enabled
I (3675) wifi: config nano formating: disabled
I (3675) wifi: Init dynamic tx buffer num: 32
I (3675) wifi: Init data frame dynamic rx buffer num: 32
I (3685) wifi: Init management frame dynamic rx buffer num: 32
I (3685) wifi: Init management short buffer num: 32
I (3695) wifi: Init static rx buffer size: 1600
I (3695) wifi: Init static rx buffer num: 10
I (3705) wifi: Init dynamic rx buffer num: 32
I (3705) WLAN: WiFi configuration:Iphone4_EXT,poliana90
I (4695) wifi: mode : sta (24:0a:c4:31:ed:68) + softAP (24:0a:c4:31:ed:69)
I (4705) wifi: Total power save buffer number: 16
I (4705) wifi: Init max length of beacon: 752/752
I (4705) wifi: Init max length of beacon: 752/752
I (4705) HTTP_SERVER: Starting server on port: '80'
I (4715) HTTP_SERVER: Registering URI handlers
I (4715) HTTP_CLIENT: <<<<HTTPCLI INIT>>>>

I (4715) gpio: GPIO[36]| InputEn: 1| OutputEn: 0| OpenDrain: 0| Pullup: 0| Pulldown: 1| Intr:0 
I (4735) gpio: GPIO[12]| InputEn: 0| OutputEn: 1| OpenDrain: 0| Pullup: 0| Pulldown: 0| Intr:0 
CAN:Driver installed
CAN:Driver started
I (4755) IO_TASK: TaskIo_Init

I (4755) GATTS_SPP_DEMO: The number handle =b

E (4755) GATTS_SPP_DEMO: GAP_EVT, event 4

E (4775) GATTS_SPP_DEMO: GAP_EVT, event 6

I (5715) HTTP_CLIENT: <<<<HTTPCLI CONNECTING>>>>

I (15715) HTTP_CLIENT: HTTP DISCON

W (15715) HTTP_CLIENT: <<<<HTTP DISCONNECTED>>>>

I (16625) DEBUG_TASK: TaskDebug_Gsm_Connecting

I (16715) HTTP_CLIENT: <<<<HTTPCLI INIT>>>>

I (17715) HTTP_CLIENT: <<<<HTTPCLI CONNECTING>>>>

I (25565) wifi: new:<1,0>, old:<1,0>, ap:<1,1>, sta:<0,0>, prof:1
I (25565) wifi: station: 38:80:df:6a:49:97 join, AID=1, bgn, 20
I (25705) WLAN: station 38:80:df:6a:49:97 join, AID=1
I (26035) tcpip_adapter: softAP assign IP to station,IP is: 192.168.4.2
I (27715) HTTP_CLIENT: HTTP DISCON

W (27715) HTTP_CLIENT: <<<<HTTP DISCONNECTED>>>>

I (28035) tcpip_adapter: softAP assign IP to station,IP is: 192.168.4.2
I (28625) DEBUG_TASK: TaskDebug_Gsm_Connecting

I (28715) HTTP_CLIENT: <<<<HTTPCLI INIT>>>>

I (28735) HTTP_SERVER: Found header => Host: 192.168.4.1
I (28735) HTTP_SERVER: Found URL query => esp_02=0000000000000000
I (28735) HTTP_SERVER: Found URL query parameter => DATA=0000000000000000
I (28745) HTTP_SERVER: CAN:200,05F0,0000000000000000

Guru Meditation Error: Core  1 panic'ed (LoadProhibited). Exception was unhandled.
Core 1 register dump:
PC      : 0x400014fd  PS      : 0x00060230  A0      : 0x8010366c  A1      : 0x3ffe5910  
A2      : 0x00000000  A3      : 0xfffffffc  A4      : 0x000000ff  A5      : 0x0000ff00  
A6      : 0x00ff0000  A7      : 0xff000000  A8      : 0x00000000  A9      : 0x3e227465  
A10     : 0x3ffe966c  A11     : 0x00000003  A12     : 0x3ffd15f8  A13     : 0x0000000c  
A14     : 0x00000000  A15     : 0x3ffe5760  SAR     : 0x00000018  EXCCAUSE: 0x0000001c  
EXCVADDR: 0x00000000  LBEG    : 0x400014fd  LEND    : 0x4000150d  LCOUNT  : 0xffffffff  

ELF file SHA256: 80189438d080c286988316bbe2013c70dc9fdf0f4140d68d01283e6000fed24b

Backtrace: 0x400014fa:0x3ffe5910 |<-CORRUPTED

Rebooting...
ets Jun  8 2016 00:22:57

rst:0xc (SW_CPU_RESET),boot:0x13 (SPI_FAST_FLASH_BOOT)
configsip: 0, SPIWP:0xee
clk_drv:0x00,q_drv:0x00,d_drv:0x00,cs0_drv:0x00,hd_drv:0x00,wp_drv:0x00
mode:DIO, clock div:2
load:0x3fff0018,len:4
load:0x3fff001c,len:6868
load:0x40078000,len:14724
ho 0 tail 12 room 4
load:0x40080400,len:4292
entry 0x400806e4
I (72) boot: Chip Revision: 1
I (72) boot_comm: chip revision: 1, min. bootloader chip revision: 0
I (41) boot: ESP-IDF  2nd stage bootloader
I (41) boot: compile time 14:28:13
I (52) boot: Enabling RNG early entropy source...
I (52) boot: SPI Speed      : 40MHz
I (53) boot: SPI Mode       : DIO
I (56) boot: SPI Flash Size : 4MB
I (60) boot: Partition Table:
I (64) boot: ## Label            Usage          Type ST Offset   Length
I (71) boot:  0 nvs              WiFi data        01 02 00009000 00006000
I (78) boot:  1 phy_init         RF data          01 01 0000f000 00001000
I (86) boot:  2 factory          factory app      00 00 00010000 00160000
I (93) boot:  3 storage          Unknown data     01 82 00170000 00030000
I (101) boot: End of partition table
I (105) boot_comm: chip revision: 1, min. application chip revision: 0
I (112) esp_image: segment 0: paddr=0x00010020 vaddr=0x3f400020 size=0x3824c (229964) map
I (203) esp_image: segment 1: paddr=0x00048274 vaddr=0x3ffbdb60 size=0x04c1c ( 19484) load
I (211) esp_image: segment 2: paddr=0x0004ce98 vaddr=0x40080000 size=0x00400 (  1024) load
I (211) esp_image: segment 3: paddr=0x0004d2a0 vaddr=0x40080400 size=0x02d70 ( 11632) load
I (223) esp_image: segment 4: paddr=0x00050018 vaddr=0x400d0018 size=0xf3c6c (998508) map
I (581) esp_image: segment 5: paddr=0x00143c8c vaddr=0x40083170 size=0x1a39c (107420) load
I (626) esp_image: segment 6: paddr=0x0015e030 vaddr=0x400c0000 size=0x00064 (   100) load
I (645) boot: Loaded app from partition at offset 0x10000
I (645) boot: Disabling RNG early entropy source...
I (645) cpu_start: Pro cpu up.
I (649) cpu_start: Application information:
I (654) cpu_start: Project name:     cuv
I (658) cpu_start: App version:      83414d2-dirty
I (664) cpu_start: Compile time:     Jul  1 2020 10:59:07
I (670) cpu_start: ELF file SHA256:  80189438d080c286...
I (676) cpu_start: ESP-IDF:          
I (680) cpu_start: Starting app cpu, entry point is 0x40081324
I (666) cpu_start: App cpu up.
I (691) heap_init: Initializing. RAM available for dynamic allocation:
I (697) heap_init: At 3FFAFF10 len 000000F0 (0 KiB): DRAM
I (704) heap_init: At 3FFB6388 len 00001C78 (7 KiB): DRAM
I (710) heap_init: At 3FFB9A20 len 00004108 (16 KiB): DRAM
I (716) heap_init: At 3FFBDB5C len 00000004 (0 KiB): DRAM
I (722) heap_init: At 3FFD0848 len 0000F7B8 (61 KiB): DRAM
I (728) heap_init: At 3FFE0440 len 00003AE0 (14 KiB): D/IRAM
I (734) heap_init: At 3FFE4350 len 0001BCB0 (111 KiB): D/IRAM
I (741) heap_init: At 4009D50C len 00002AF4 (10 KiB): IRAM
I (747) cpu_start: Pro cpu start user code
I (766) spi_flash: detected chip: generic
I (766) spi_flash: flash io: dio
I (767) cpu_start: Starting scheduler on PRO CPU.
I (0) cpu_start: Starting scheduler on APP CPU.
This is ESP32 chip with 2 CPU cores, WiFi/BT/BLE, silicon revision 1, 4MB external flash
I (10) SD_TASK: INIT

I (795) SD_TASK: Initializing SPIFFS
I (2245) SD_TASK: Partition size: total: 173441, used: 1757
I (2595) SD_TASK: CONFIG.TXT

I (2735) SD_TASK: Reading Config file
I (3095) SD_TASK: 
cConfigFileVersion=2.0

I (3095) SD_TASK: 
u32TimeToSleepInSec=180

I (3095) SD_TASK: 
u32PeriodLogInSec=30

I (3095) SD_TASK: 
cBuzzerStatus=OFF

I (3095) SD_TASK: 
cWifiAPName=Iphone4_EXT
cWifiPwd=poliana90

I (3105) SD_TASK: 
cHttpDomain=gpslogger.esy.es

I (3115) SD_TASK: 
cPageUrl=http://gpslogger.esy.es/pages/upload/index.php

I (3125) SD_TASK: 
cApn=vodafone.br
cApnLogin= 
cApnPassword= 

I (3125) SD_TASK: 
u32ModemPeriodTxInSec=120

I (3135) BTDM_INIT: BT controller compile version [79dd6f1]
I (3135) system_api: Base MAC address is not set, read default base MAC address from BLK0 of EFUSE
I (3245) phy: phy_version: 4180, cb3948e, Sep 12 2019, 16:39:13, 0, 0
I (3245) GATTS_SPP_DEMO: BleInit init bluetooth

I (3615) DEBUG_TASK: Jun 25 2020
I (3615) DEBUG_TASK: 16:11:43
I (3615) DEBUG_TASK: SOFTWARE_VERSION:2.0.0
I (3615) DEBUG_TASK: 

I (3625) wifi: wifi driver task: 3ffdd258, prio:23, stack:3584, core=0
I (3625) system_api: Base MAC address is not set, read default base MAC address from BLK0 of EFUSE
I (3635) system_api: Base MAC address is not set, read default base MAC address from BLK0 of EFUSE
I (3665) wifi: wifi firmware version: 581f422
I (3665) wifi: config NVS flash: enabled
I (3665) wifi: config nano formating: disabled
I (3665) wifi: Init dynamic tx buffer num: 32
I (3665) wifi: Init data frame dynamic rx buffer num: 32
I (3675) wifi: Init management frame dynamic rx buffer num: 32
I (3675) wifi: Init management short buffer num: 32
I (3685) wifi: Init static rx buffer size: 1600
I (3685) wifi: Init static rx buffer num: 10
I (3695) wifi: Init dynamic rx buffer num: 32
I (3695) WLAN: WiFi configuration:Iphone4_EXT,poliana90
I (4685) wifi: mode : sta (24:0a:c4:31:ed:68) + softAP (24:0a:c4:31:ed:69)
I (4695) wifi: Total power save buffer number: 16
I (4695) wifi: Init max length of beacon: 752/752
I (4695) wifi: Init max length of beacon: 752/752
I (4695) HTTP_SERVER: Starting server on port: '80'
I (4705) HTTP_SERVER: Registering URI handlers
I (4705) HTTP_CLIENT: <<<<HTTPCLI INIT>>>>

I (4705) gpio: GPIO[36]| InputEn: 1| OutputEn: 0| OpenDrain: 0| Pullup: 0| Pulldown: 1| Intr:0 
I (4725) gpio: GPIO[12]| InputEn: 0| OutputEn: 1| OpenDrain: 0| Pullup: 0| Pulldown: 0| Intr:0 
CAN:Driver installed
CAN:Driver started
I (4745) IO_TASK: TaskIo_Init

I (4745) GATTS_SPP_DEMO: The number handle =b

E (4745) GATTS_SPP_DEMO: GAP_EVT, event 4

E (4765) GATTS_SPP_DEMO: GAP_EVT, event 6

I (5705) HTTP_CLIENT: <<<<HTTPCLI CONNECTING>>>>

I (5765) wifi: new:<1,0>, old:<1,0>, ap:<1,1>, sta:<0,0>, prof:1
I (5765) wifi: station: 38:80:df:6a:49:97 join, AID=1, bgn, 20
I (5895) WLAN: station 38:80:df:6a:49:97 join, AID=1
I (6245) tcpip_adapter: softAP assign IP to station,IP is: 192.168.4.2
I (11955) tcpip_adapter: softAP assign IP to station,IP is: 192.168.4.2
I (15705) HTTP_CLIENT: HTTP DISCON

W (15705) HTTP_CLIENT: <<<<HTTP DISCONNECTED>>>>

I (16615) DEBUG_TASK: TaskDebug_Gsm_Connecting

I (16705) HTTP_CLIENT: <<<<HTTPCLI INIT>>>>

I (17615) HTTP_SERVER: Found header => Host: 192.168.4.1
I (17615) HTTP_SERVER: Found URL query => esp_02=0000000000000000
I (17615) HTTP_SERVER: Found URL query parameter => DATA=0000000000000000
I (17625) HTTP_SERVER: CAN:200,05F0,0000000000000000

I (17Guru Meditation Error: Core  0 panic'ed (LoadProhibited). Exception was unhandled.
Core 0 register dump:
PC      : 0x400014fd  PS      : 0x00060730  A0      : 0x8010366c  A1      : 0x3ffe5900  
A2      : 0x00000000  A3      : 0xfffffffc  A4      : 0x000000ff  A5      : 0x0000ff00  
A6      : 0x00ff0000  A7      : 0xff000000  A8      : 0x00000000  A9      : 0x3e227465  
A10     : 0x3ffe9a8c  A11     : 0x00000003  A12     : 0x3ffd15f8  A13     : 0x0000000c  
A14     : 0x00000000  A15     : 0x3ffe5750  SAR     : 0x00000018  EXCCAUSE: 0x0000001c  
EXCVADDR: 0x00000000  LBEG    : 0x400014fd  LEND    : 0x4000150d  LCOUNT  : 0xffffffff  

ELF file SHA256: 80189438d080c286988316bbe2013c70dc9fdf0f4140d68d01283e6000fed24b

Backtrace: 0x400014fa:0x3ffe5900 |<-CORRUPTED

Rebooting...
ets Jun  8 2016 00:22:57

rst:0xc (SW_CPU_RESET),boot:0x13 (SPI_FAST_FLASH_BOOT)
configsip: 0, SPIWP:0xee
clk_drv:0x00,q_drv:0x00,d_drv:0x00,cs0_drv:0x00,hd_drv:0x00,wp_drv:0x00
mode:DIO, clock div:2
load:0x3fff0018,len:4
load:0x3fff001c,len:6868
load:0x40078000,len:14724
ho 0 tail 12 room 4
load:0x40080400,len:4292
entry 0x400806e4
I (72) boot: Chip Revision: 1
I (73) boot_comm: chip revision: 1, min. bootloader chip revision: 0
I (41) boot: ESP-IDF  2nd stage bootloader
I (41) boot: compile time 14:28:13
I (52) boot: Enabling RNG early entropy source...
I (52) boot: SPI Speed      : 40MHz
I (53) boot: SPI Mode       : DIO
I (56) boot: SPI Flash Size : 4MB
I (60) boot: Partition Table:
I (64) boot: ## Label            Usage          Type ST Offset   Length
I (71) boot:  0 nvs              WiFi data        01 02 00009000 00006000
I (78) boot:  1 phy_init         RF data          01 01 0000f000 00001000
I (86) boot:  2 factory          factory app      00 00 00010000 00160000
I (93) boot:  3 storage          Unknown data     01 82 00170000 00030000
I (101) boot: End of partition table
I (105) boot_comm: chip revision: 1, min. application chip revision: 0
I (112) esp_image: segment 0: paddr=0x00010020 vaddr=0x3f400020 size=0x3824c (229964) map
I (203) esp_image: segment 1: paddr=0x00048274 vaddr=0x3ffbdb60 size=0x04c1c ( 19484) load
I (211) esp_image: segment 2: paddr=0x0004ce98 vaddr=0x40080000 size=0x00400 (  1024) load
I (211) esp_image: segment 3: paddr=0x0004d2a0 vaddr=0x40080400 size=0x02d70 ( 11632) load
I (223) esp_image: segment 4: paddr=0x00050018 vaddr=0x400d0018 size=0xf3c6c (998508) map
I (581) esp_image: segment 5: paddr=0x00143c8c vaddr=0x40083170 size=0x1a39c (107420) load
I (626) esp_image: segment 6: paddr=0x0015e030 vaddr=0x400c0000 size=0x00064 (   100) load
I (645) boot: Loaded app from partition at offset 0x10000
I (645) boot: Disabling RNG early entropy source...
I (645) cpu_start: Pro cpu up.
I (649) cpu_start: Application information:
I (654) cpu_start: Project name:     cuv
I (658) cpu_start: App version:      83414d2-dirty
I (664) cpu_start: Compile time:     Jul  1 2020 10:59:07
I (670) cpu_start: ELF file SHA256:  80189438d080c286...
I (676) cpu_start: ESP-IDF:          
I (680) cpu_start: Starting app cpu, entry point is 0x40081324
I (666) cpu_start: App cpu up.
I (691) heap_init: Initializing. RAM available for dynamic allocation:
I (698) heap_init: At 3FFAFF10 len 000000F0 (0 KiB): DRAM
I (704) heap_init: At 3FFB6388 len 00001C78 (7 KiB): DRAM
I (710) heap_init: At 3FFB9A20 len 00004108 (16 KiB): DRAM
I (716) heap_init: At 3FFBDB5C len 00000004 (0 KiB): DRAM
I (722) heap_init: At 3FFD0848 len 0000F7B8 (61 KiB): DRAM
I (728) heap_init: At 3FFE0440 len 00003AE0 (14 KiB): D/IRAM
I (734) heap_init: At 3FFE4350 len 0001BCB0 (111 KiB): D/IRAM
I (741) heap_init: At 4009D50C len 00002AF4 (10 KiB): IRAM
I (747) cpu_start: Pro cpu start user code
I (766) spi_flash: detected chip: generic
I (766) spi_flash: flash io: dio
I (767) cpu_start: Starting scheduler on PRO CPU.
I (0) cpu_start: Starting scheduler on APP CPU.
This is ESP32 chip with 2 CPU cores, WiFi/BT/BLE, silicon revision 1, 4MB external flash
I (10) SD_TASK: INIT

I (795) SD_TASK: Initializing SPIFFS
I (2245) SD_TASK: Partition size: total: 173441, used: 1757
I (2595) SD_TASK: CONFIG.TXT

I (2735) SD_TASK: Reading Config file
I (3095) SD_TASK: 
cConfigFileVersion=2.0

I (3095) SD_TASK: 
u32TimeToSleepInSec=180

I (3095) SD_TASK: 
u32PeriodLogInSec=30

I (3095) SD_TASK: 
cBuzzerStatus=OFF

I (3095) SD_TASK: 
cWifiAPName=Iphone4_EXT
cWifiPwd=poliana90

I (3105) SD_TASK: 
cHttpDomain=gpslogger.esy.es

I (3115) SD_TASK: 
cPageUrl=http://gpslogger.esy.es/pages/upload/index.php

I (3125) SD_TASK: 
cApn=vodafone.br
cApnLogin= 
cApnPassword= 

I (3125) SD_TASK: 
u32ModemPeriodTxInSec=120

I (3135) BTDM_INIT: BT controller compile version [79dd6f1]
I (3135) system_api: Base MAC address is not set, read default base MAC address from BLK0 of EFUSE
I (3245) phy: phy_version: 4180, cb3948e, Sep 12 2019, 16:39:13, 0, 0
I (3245) GATTS_SPP_DEMO: BleInit init bluetooth

I (3615) DEBUG_TASK: Jun 25 2020
I (3615) DEBUG_TASK: 16:11:43
I (3615) DEBUG_TASK: SOFTWARE_VERSION:2.0.0
I (3615) DEBUG_TASK: 

I (3625) wifi: wifi driver task: 3ffdd258, prio:23, stack:3584, core=0
I (3625) system_api: Base MAC address is not set, read default base MAC address from BLK0 of EFUSE
I (3635) system_api: Base MAC address is not set, read default base MAC address from BLK0 of EFUSE
I (3665) wifi: wifi firmware version: 581f422
I (3665) wifi: config NVS flash: enabled
I (3665) wifi: config nano formating: disabled
I (3665) wifi: Init dynamic tx buffer num: 32
I (3665) wifi: Init data frame dynamic rx buffer num: 32
I (3675) wifi: Init management frame dynamic rx buffer num: 32
I (3675) wifi: Init management short buffer num: 32
I (3685) wifi: Init static rx buffer size: 1600
I (3685) wifi: Init static rx buffer num: 10
I (3695) wifi: Init dynamic rx buffer num: 32
I (3695) WLAN: WiFi configuration:Iphone4_EXT,poliana90
I (4685) wifi: mode : sta (24:0a:c4:31:ed:68) + softAP (24:0a:c4:31:ed:69)
I (4695) wifi: Total power save buffer number: 16
I (4695) wifi: Init max length of beacon: 752/752
I (4695) wifi: Init max length of beacon: 752/752
I (4695) HTTP_SERVER: Starting server on port: '80'
I (4705) HTTP_SERVER: Registering URI handlers
I (4705) HTTP_CLIENT: <<<<HTTPCLI INIT>>>>

I (4705) gpio: GPIO[36]| InputEn: 1| OutputEn: 0| OpenDrain: 0| Pullup: 0| Pulldown: 1| Intr:0 
I (4725) gpio: GPIO[12]| InputEn: 0| OutputEn: 1| OpenDrain: 0| Pullup: 0| Pulldown: 0| Intr:0 
CAN:Driver installed
CAN:Driver started
I (4745) IO_TASK: TaskIo_Init

I (4745) GATTS_SPP_DEMO: The number handle =b

E (4745) GATTS_SPP_DEMO: GAP_EVT, event 4

E (4765) GATTS_SPP_DEMO: GAP_EVT, event 6

I (5705) HTTP_CLIENT: <<<<HTTPCLI CONNECTING>>>>

I (15705) HTTP_CLIENT: HTTP DISCON

W (15705) HTTP_CLIENT: <<<<HTTP DISCONNECTED>>>>

I (16615) DEBUG_TASK: TaskDebug_Gsm_Connecting

I (16705) HTTP_CLIENT: <<<<HTTPCLI INIT>>>>

I (17705) HTTP_CLIENT: <<<<HTTPCLI CONNECTING>>>>

I (26225) wifi: new:<1,0>, old:<1,0>, ap:<1,1>, sta:<0,0>, prof:1
I (26225) wifi: station: 38:80:df:6a:49:97 join, AID=1, bgn, 20
I (26385) WLAN: station 38:80:df:6a:49:97 join, AID=1
I (26715) tcpip_adapter: softAP assign IP to station,IP is: 192.168.4.2
I (27705) HTTP_CLIENT: HTTP DISCON

W (27705) HTTP_CLIENT: <<<<HTTP DISCONNECTED>>>>

I (28615) DEBUG_TASK: TaskDebug_Gsm_Connecting

I (28705) HTTP_CLIENT: <<<<HTTPCLI INIT>>>>

I (29705) HTTP_CLIENT: <<<<HTTPCLI CONNECTING>>>>

I (35365) HTTP_SERVER: Found header => Host: 192.168.4.1
I (35365) HTTP_SERVER: Found URL query => esp_02=0000000000000000
I (35365) HTTP_SERVER: Found URL query parameter => DATA=0000000000000000
I (35375) HTTP_SERVER: CAN:200,05F0,0000000000000000

Guru Meditation Error: Core  0 panic'ed (LoadProhibited). Exception was unhandled.
Core 0 register dump:
PC      : 0x400014fd  PS      : 0x00060930  A0      : 0x8010366c  A1      : 0x3ffe5900  
A2      : 0x00000000  A3      : 0xfffffffc  A4      : 0x000000ff  A5      : 0x0000ff00  
A6      : 0x00ff0000  A7      : 0xff000000  A8      : 0x00000000  A9      : 0x3e227465  
A10     : 0x3ffea7d8  A11     : 0x00000003  A12     : 0x3ffd15f8  A13     : 0x0000000c  
A14     : 0x00000000  A15     : 0x3ffe5750  SAR     : 0x00000018  EXCCAUSE: 0x0000001c  
EXCVADDR: 0x00000000  LBEG    : 0x400014fd  LEND    : 0x4000150d  LCOUNT  : 0xffffffff  

ELF file SHA256: 80189438d080c286988316bbe2013c70dc9fdf0f4140d68d01283e6000fed24b

Backtrace: 0x400014fa:0x3ffe5900 |<-CORRUPTED

Rebooting...
ets Jun  8 2016 00:22:57

rst:0xc (SW_CPU_RESET),boot:0x13 (SPI_FAST_FLASH_BOOT)
configsip: 0, SPIWP:0xee
clk_drv:0x00,q_drv:0x00,d_drv:0x00,cs0_drv:0x00,hd_drv:0x00,wp_drv:0x00
mode:DIO, clock div:2
load:0x3fff0018,len:4
load:0x3fff001c,len:6868
load:0x40078000,len:14724
ho 0 tail 12 room 4
load:0x40080400,len:4292
entry 0x400806e4
I (72) boot: Chip Revision: 1
I (73) boot_comm: chip revision: 1, min. bootloader chip revision: 0
I (41) boot: ESP-IDF  2nd stage bootloader
I (41) boot: compile time 14:28:13
I (52) boot: Enabling RNG early entropy source...
I (52) boot: SPI Speed      : 40MHz
I (53) boot: SPI Mode       : DIO
I (56) boot: SPI Flash Size : 4MB
I (60) boot: Partition Table:
I (64) boot: ## Label            Usage          Type ST Offset   Length
I (71) boot:  0 nvs              WiFi data        01 02 00009000 00006000
I (78) boot:  1 phy_init         RF data          01 01 0000f000 00001000
I (86) boot:  2 factory          factory app      00 00 00010000 00160000
I (93) boot:  3 storage          Unknown data     01 82 00170000 00030000
I (101) boot: End of partition table
I (105) boot_comm: chip revision: 1, min. application chip revision: 0
I (112) esp_image: segment 0: paddr=0x00010020 vaddr=0x3f400020 size=0x3824c (229964) map
I (203) esp_image: segment 1: paddr=0x00048274 vaddr=0x3ffbdb60 size=0x04c1c ( 19484) load
I (211) esp_image: segment 2: paddr=0x0004ce98 vaddr=0x40080000 size=0x00400 (  1024) load
I (211) esp_image: segment 3: paddr=0x0004d2a0 vaddr=0x40080400 size=0x02d70 ( 11632) load
I (223) esp_image: segment 4: paddr=0x00050018 vaddr=0x400d0018 size=0xf3c6c (998508) map
I (581) esp_image: segment 5: paddr=0x00143c8c vaddr=0x40083170 size=0x1a39c (107420) load
I (626) esp_image: segment 6: paddr=0x0015e030 vaddr=0x400c0000 size=0x00064 (   100) load
I (645) boot: Loaded app from partition at offset 0x10000
I (645) boot: Disabling RNG early entropy source...
I (645) cpu_start: Pro cpu up.
I (649) cpu_start: Application information:
I (654) cpu_start: Project name:     cuv
I (658) cpu_start: App version:      83414d2-dirty
I (664) cpu_start: Compile time:     Jul  1 2020 10:59:07
I (670) cpu_start: ELF file SHA256:  80189438d080c286...
I (676) cpu_start: ESP-IDF:          
I (680) cpu_start: Starting app cpu, entry point is 0x40081324
I (666) cpu_start: App cpu up.
I (691) heap_init: Initializing. RAM available for dynamic allocation:
I (698) heap_init: At 3FFAFF10 len 000000F0 (0 KiB): DRAM
I (704) heap_init: At 3FFB6388 len 00001C78 (7 KiB): DRAM
I (710) heap_init: At 3FFB9A20 len 00004108 (16 KiB): DRAM
I (716) heap_init: At 3FFBDB5C len 00000004 (0 KiB): DRAM
I (722) heap_init: At 3FFD0848 len 0000F7B8 (61 KiB): DRAM
I (728) heap_init: At 3FFE0440 len 00003AE0 (14 KiB): D/IRAM
I (734) heap_init: At 3FFE4350 len 0001BCB0 (111 KiB): D/IRAM
I (741) heap_init: At 4009D50C len 00002AF4 (10 KiB): IRAM
I (747) cpu_start: Pro cpu start user code
I (766) spi_flash: detected chip: generic
I (766) spi_flash: flash io: dio
I (767) cpu_start: Starting scheduler on PRO CPU.
I (0) cpu_start: Starting scheduler on APP CPU.
This is ESP32 chip with 2 CPU cores, WiFi/BT/BLE, silicon revision 1, 4MB external flash
I (10) SD_TASK: INIT

I (795) SD_TASK: Initializing SPIFFS
I (2245) SD_TASK: Partition size: total: 173441, used: 1757
I (2595) SD_TASK: CONFIG.TXT

I (2735) SD_TASK: Reading Config file
I (3095) SD_TASK: 
cConfigFileVersion=2.0

I (3095) SD_TASK: 
u32TimeToSleepInSec=180

I (3095) SD_TASK: 
u32PeriodLogInSec=30

I (3095) SD_TASK: 
cBuzzerStatus=OFF

I (3095) SD_TASK: 
cWifiAPName=Iphone4_EXT
cWifiPwd=poliana90

I (3105) SD_TASK: 
cHttpDomain=gpslogger.esy.es

I (3115) SD_TASK: 
cPageUrl=http://gpslogger.esy.es/pages/upload/index.php

I (3125) SD_TASK: 
cApn=vodafone.br
cApnLogin= 
cApnPassword= 

I (3125) SD_TASK: 
u32ModemPeriodTxInSec=120

I (3135) BTDM_INIT: BT controller compile version [79dd6f1]
I (3135) system_api: Base MAC address is not set, read default base MAC address from BLK0 of EFUSE
I (3245) phy: phy_version: 4180, cb3948e, Sep 12 2019, 16:39:13, 0, 0
I (3245) GATTS_SPP_DEMO: BleInit init bluetooth

I (3615) DEBUG_TASK: Jun 25 2020
I (3615) DEBUG_TASK: 16:11:43
I (3615) DEBUG_TASK: SOFTWARE_VERSION:2.0.0
I (3615) DEBUG_TASK: 

I (3625) wifi: wifi driver task: 3ffdd258, prio:23, stack:3584, core=0
I (3625) system_api: Base MAC address is not set, read default base MAC address from BLK0 of EFUSE
I (3635) system_api: Base MAC address is not set, read default base MAC address from BLK0 of EFUSE
I (3665) wifi: wifi firmware version: 581f422
I (3665) wifi: config NVS flash: enabled
I (3665) wifi: config nano formating: disabled
I (3665) wifi: Init dynamic tx buffer num: 32
I (3665) wifi: Init data frame dynamic rx buffer num: 32
I (3675) wifi: Init management frame dynamic rx buffer num: 32
I (3675) wifi: Init management short buffer num: 32
I (3685) wifi: Init static rx buffer size: 1600
I (3685) wifi: Init static rx buffer num: 10
I (3685) wifi: Init dynamic rx buffer num: 32
I (3695) WLAN: WiFi configuration:Iphone4_EXT,poliana90
I (4685) wifi: mode : sta (24:0a:c4:31:ed:68) + softAP (24:0a:c4:31:ed:69)
I (4695) wifi: Total power save buffer number: 16
I (4695) wifi: Init max length of beacon: 752/752
I (4695) wifi: Init max length of beacon: 752/752
I (4695) HTTP_SERVER: Starting server on port: '80'
I (4705) HTTP_SERVER: Registering URI handlers
I (4705) HTTP_CLIENT: <<<<HTTPCLI INIT>>>>

I (4705) gpio: GPIO[36]| InputEn: 1| OutputEn: 0| OpenDrain: 0| Pullup: 0| Pulldown: 1| Intr:0 
I (4725) gpio: GPIO[12]| InputEn: 0| OutputEn: 1| OpenDrain: 0| Pullup: 0| Pulldown: 0| Intr:0 
CAN:Driver installed
CAN:Driver started
I (4735) IO_TASK: TaskIo_Init

I (4745) GATTS_SPP_DEMO: The number handle =b

E (4745) GATTS_SPP_DEMO: GAP_EVT, event 4

E (4765) GATTS_SPP_DEMO: GAP_EVT, event 6

I (5705) HTTP_CLIENT: <<<<HTTPCLI CONNECTING>>>>

I (15705) HTTP_CLIENT: HTTP DISCON

W (15705) HTTP_CLIENT: <<<<HTTP DISCONNECTED>>>>

I (16615) DEBUG_TASK: TaskDebug_Gsm_Connecting

I (16705) HTTP_CLIENT: <<<<HTTPCLI INIT>>>>

I (17705) HTTP_CLIENT: <<<<HTTPCLI CONNECTING>>>>

I (27705) HTTP_CLIENT: HTTP DISCON

W (27705) HTTP_CLIENT: <<<<HTTP DISCONNECTED>>>>

I (28615) DEBUG_TASK: TaskDebug_Gsm_Connecting

I (28705) HTTP_CLIENT: <<<<HTTPCLI INIT>>>>

I (29705) HTTP_CLIENT: <<<<HTTPCLI CONNECTING>>>>

I (15734) HTTP_CLIENT: HTTP DISCON

W (15734) HTTP_CLIENT: <<<<HTTP DISCONNECTED>>>>

I (16644) DEBUG_TASK: TaskDebug_Gsm_Connecting

I (16734) HTTP_CLIENT: <<<<HTTPCLI INIT>>>>

I (17734) HTTP_CLIENT: <<<<HTTPCLI CONNECTING>>>>

I (27734) HTTP_CLIENT: HTTP DISCON

W (27734) HTTP_CLIENT: <<<<HTTP DISCONNECTED>>>>

I (28644) DEBUG_TASK: TaskDebug_Gsm_Connecting

I (28734) HTTP_CLIENT: <<<<HTTPCLI INIT>>>>

I (29734) HTTP_CLIENT: <<<<HTTPCLI CONNECTING>>>>

I (39734) HTTP_CLIENT: HTTP DISCON

W (39734) HTTP_CLIENT: <<<<HTTP DISCONNECTED>>>>

I (40644) DEBUG_TASK: TaskDebug_Gsm_Connecting

I (40734) HTTP_CLIENT: <<<<HTTPCLI INIT>>>>

I (41734) HTTP_CLIENT: <<<<HTTPCLI CONNECTING>>>>

I (51734) HTTP_CLIENT: HTTP DISCON

W (51734) HTTP_CLIENT: <<<<HTTP DISCONNECTED>>>>

I (52644) DEBUG_TASK: TaskDebug_Gsm_Connecting

I (52734) HTTP_CLIENT: <<<<HTTPCLI INIT>>>>

I (53734) HTTP_CLIENT: <<<<HTTPCLI CONNECTING>>>>

I (61914) wifi: new:<1,0>, old:<1,0>, ap:<1,1>, sta:<0,0>, prof:1
I (61914) wifi: station: 38:80:df:6a:49:97 join, AID=1, bgn, 20
I (62084) WLAN: station 38:80:df:6a:49:97 join, AID=1
I (62414) tcpip_adapter: softAP assign IP to station,IP is: 192.168.4.2
I (63734) HTTP_CLIENT: HTTP DISCON

W (63734) HTTP_CLIENT: <<<<HTTP DISCONNECTED>>>>

I (64244) tcpip_adapter: softAP assign IP to station,IP is: 192.168.4.2
I (64644) DEBUG_TASK: TaskDebug_Gsm_Connecting

I (64734) HTTP_CLIENT: <<<<HTTPCLI INIT>>>>

I (65734) HTTP_CLIENT: <<<<HTTPCLI CONNECTING>>>>

I (71084) HTTP_SERVER: Found header => Host: 192.168.4.1
I (71124) HTTP_SERVER: Request headers lost
I (73894) HTTP_SERVER: Found header => Host: 192.168.4.1
I (73894) HTTP_SERVER: Found URL query => esp_02=0000000000000000
I (73894) HTTP_SERVER: Found URL query parameter => DATA=0000000000000000
I (73904) HTTP_SERVER: CAN:200,05F0,0000000000000000

I (73914) IO_TASK: IO:ADD CAN MESSAGE

I (73914) IO_TASK: IO:u32Period=200

I (73914) HTTP_SERVER: Request headers lost
I (73914) IO_TASK: IO:CanIdentifier=05F0

***********************************
                                   
  atoh(char *cIn,char *cOut)       
                                   
***********************************
I (73944) IO_TASK: IO:CanIdentifier=0x0005

I (73954) IO_TASK: IO:CanIdentifier=0x05F0

I (73954) IO_TASK: IO:CanData=0000000000000000

***********************************
                                   
  atoh(char *cIn,char *cOut)       
                                   
***********************************
I (73974) IO_TASK: 
IO:CanData=0x00

I (73984) IO_TASK: 
IO:CanData=0x00

I (73984) IO_TASK: 
IO:CanData=0x00

I (73994) IO_TASK: 
IO:CanData=0x00

I (73994) IO_TASK: 
IO:CanData=0x00

I (74004) IO_TASK: 
IO:CanData=0x00

I (74004) IO_TASK: 
IO:CanData=0x00

I (74004) IO_TASK: 
IO:CanData=0x00

I (75734) HTTP_CLIENT: HTTP DISCON

W (75734) HTTP_CLIENT: <<<<HTTP DISCONNECTED>>>>

I (76644) DEBUG_TASK: TaskDebug_Gsm_Connecting

I (76734) HTTP_CLIENT: <<<<HTTPCLI INIT>>>>

I (77094) HTTP_SERVER: Found header => Host: 192.168.4.1
I (77134) HTTP_SERVER: Request headers lost
I (77734) HTTP_CLIENT: <<<<HTTPCLI CONNECTING>>>>

I (79904) HTTP_SERVER: Found header => Host: 192.168.4.1
I (79904) HTTP_SERVER: Found URL query => esp_21=0000000000000000
I (79914) HTTP_SERVER: Found URL query parameter => DATA=0000000000000000
I (79914) HTTP_SERVER: CAN:200,05F0,0000000000000000

I (79924) HTTP_SERVER: Request headers lost
I (79924) IO_TASK: IO:ADD CAN MESSAGE

I (79934) IO_TASK: IO:u32Period=200

I (79934) IO_TASK: IO:CanIdentifier=05F0

***********************************
                                   
  atoh(char *cIn,char *cOut)       
                                   
***********************************
I (79954) IO_TASK: IO:CanIdentifier=0x0005

I (79964) IO_TASK: IO:CanIdentifier=0x05F0

I (79964) IO_TASK: IO:CanData=0000000000000000

***********************************
                                   
  atoh(char *cIn,char *cOut)       
                                   
***********************************
I (79994) IO_TASK: 
IO:CanData=0x00

I (79994) IO_TASK: 
IO:CanData=0x00

I (79994) IO_TASK: 
IO:CanData=0x00

I (80004) IO_TASK: 
IO:CanData=0x00

I (80004) IO_TASK: 
IO:CanData=0x00

I (80014) IO_TASK: 
IO:CanData=0x00

I (80014) IO_TASK: 
IO:CanData=0x00

I (80024) IO_TASK: 
IO:CanData=0x00

I (83274) HTTP_SERVER: Found header => Host: 192.168.4.1
I (83324) HTTP_SERVER: Request headers lost
I (85704) HTTP_SERVER: Found header => Host: 192.168.4.1
I (85704) HTTP_SERVER: Found URL query => airbag_01=0000000000000000
I (85704) HTTP_SERVER: Found URL query parameter => DATA=0000000000000000
I (85714) HTTP_SERVER: CAN:200,05F0,0000000000000000

I (85724) HTTP_SERVER: Request headers lost
I (85724) IO_TASK: IO:ADD CAN MESSAGE

I (85724) IO_TASK: IO:u32Period=200

I (85734) IO_TASK: IO:CanIdentifier=05F0

***********************************
                                   
  atoh(char *cIn,char *cOut)       
                                   
***********************************
I (85754) IO_TASK: IO:CanIdentifier=0x0005

I (85754) IO_TASK: IO:CanIdentifier=0x05F0

I (85764) IO_TASK: IO:CanData=0000000000000000

***********************************
                                   
  atoh(char *cIn,char *cOut)       
                                   
***********************************
I (85784) IO_TASK: 
IO:CanData=0x00

I (85794) IO_TASK: 
IO:CanData=0x00

I (85794) IO_TASK: 
IO:CanData=0x00

I (85804) IO_TASK: 
IO:CanData=0x00

I (85804) IO_TASK: 
IO:CanData=0x00

I (85804) IO_TASK: 
IO:CanData=0x00

I (85814) IO_TASK: 
IO:CanData=0x00

I (85814) IO_TASK: 
IO:CanData=0x00

I (87734) HTTP_CLIENT: HTTP DISCON

W (87734) HTTP_CLIENT: <<<<HTTP DISCONNECTED>>>>

W (87954) httpd_parse: parse_block: request URI/header too long
W (87954) httpd_txrx: httpd_resp_send_err: 431 Request Header Fields Too Large - Header fields are too long for server to interpret
I (88644) DEBUG_TASK: TaskDebug_Gsm_Connecting

I (88734) HTTP_CLIENT: <<<<HTTPCLI INIT>>>>

I (89734) HTTP_CLIENT: <<<<HTTPCLI CONNECTING>>>>

I (93464) HTTP_SERVER: Found header => Host: 192.168.4.1
I (93514) HTTP_SERVER: Request headers lost
I (95424) HTTP_SERVER: Found header => Host: 192.168.4.1
I (95474) HTTP_SERVER: Request headers lost
I (96964) HTTP_SERVER: Found header => Host: 192.168.4.1
I (96964) HTTP_SERVER: Found URL query => esp_02=0000000000000000
I (96964) HTTP_SERVER: Found URL query parameter => DATA=0000000000000000
I (96974) HTTP_SERVER: CAN:200,05F0,0000000000000000

I (96984) HTTP_SERVER: Request headers lost
I (96984) IO_TASK: IO:ADD CAN MESSAGE

I (96984) IO_TASK: IO:u32Period=200

I (96994) IO_TASK: IO:CanIdentifier=05F0

***********************************
                                   
  atoh(char *cIn,char *cOut)       
                                   
***********************************
I (97014) IO_TASK: IO:CanIdentifier=0x0005

I (97014) IO_TASK: IO:CanIdentifier=0x05F0

I (97024) IO_TASK: IO:CanData=0000000000000000

***********************************
                                   
  atoh(char *cIn,char *cOut)       
                                   
***********************************
I (97044) IO_TASK: 
IO:CanData=0x00

I (97054) IO_TASK: 
IO:CanData=0x00

I (97054) IO_TASK: 
IO:CanData=0x00

I (97054) IO_TASK: 
IO:CanData=0x00

I (97064) IO_TASK: 
IO:CanData=0x00

I (97064) IO_TASK: 
IO:CanData=0x00

I (97074) IO_TASK: 
IO:CanData=0x00

I (97074) IO_TASK: 
IO:CanData=0x00

I (98774) HTTP_SERVER: Found header => Host: 192.168.4.1
I (98844) HTTP_SERVER: Request headers lost
I (99734) HTTP_CLIENT: HTTP DISCON

W (99734) HTTP_CLIENT: <<<<HTTP DISCONNECTED>>>>

I (100584) HTTP_SERVER: Found header => Host: 192.168.4.1
I (100584) HTTP_SERVER: Found URL query => motor_29=0000000000000000
I (100584) HTTP_SERVER: Found URL query parameter => DATA=0000000000000000
I (100594) HTTP_SERVER: CAN:200,05F0,0000000000000000

I (100604) HTTP_SERVER: Request headers lost
I (100604) IO_TASK: IO:ADD CAN MESSAGE

I (100614) IO_TASK: IO:u32Period=200

I (100614) IO_TASK: IO:CanIdentifier=05F0

***********************************
                                   
  atoh(char *cIn,char *cOut)       
                                   
***********************************
I (100634) IO_TASK: IO:CanIdentifier=0x0005

I (100644) DEBUG_TASK: TaskDebug_Gsm_Connecting

I (100644) IO_TASK: IO:CanIdentifier=0x05F0

I (100654) IO_TASK: IO:CanData=0000000000000000

***********************************
                                   
  atoh(char *cIn,char *cOut)       
                                   
***********************************
I (100674) IO_TASK: 
IO:CanData=0x00

I (100674) IO_TASK: 
IO:CanData=0x00

I (100684) IO_TASK: 
IO:CanData=0x00

I (100684) IO_TASK: 
IO:CanData=0x00

I (100694) IO_TASK: 
IO:CanData=0x00

I (100694) IO_TASK: 
IO:CanData=0x00

I (100704) IO_TASK: 
IO:CanData=0x00

I (100704) IO_TASK: 
IO:CanData=0x00

I (100734) HTTP_CLIENT: <<<<HTTPCLI INIT>>>>

I (101734) HTTP_CLIENT: <<<<HTTPCLI CONNECTING>>>>

W (102194) httpd_parse: parse_block: request URI/header too long
W (102194) httpd_txrx: httpd_resp_send_err: 431 Request Header Fields Too Large - Header fields are too long for server to interpret
I (111734) HTTP_CLIENT: HTTP DISCON

W (111734) HTTP_CLIENT: <<<<HTTP DISCONNECTED>>>>

I (112644) DEBUG_TASK: TaskDebug_Gsm_Connecting

I (112734) HTTP_CLIENT: <<<<HTTPCLI INIT>>>>

I (113734) HTTP_CLIENT: <<<<HTTPCLI CONNECTING>>>>

I (121734) HTTP_SERVER: Found header => Host: 192.168.4.1
I (121794) HTTP_SERVER: Request headers lost
I (123734) HTTP_CLIENT: HTTP DISCON

W (123734) HTTP_CLIENT: <<<<HTTP DISCONNECTED>>>>

I (124644) DEBUG_TASK: TaskDebug_Gsm_Connecting

I (124734) HTTP_CLIENT: <<<<HTTPCLI INIT>>>>

I (125214) IO_TASK: SLEEPING

Enabling EXT1 wakeup on pins GPIO36
ets Jun  8 2016 00:22:57

rst:0x1 (POWERON_RESET),boot:0x13 (SPI_FAST_FLASH_BOOT)
configsip: 0, SPIWP:0xee
clk_drv:0x00,q_drv:0x00,d_drv:0x00,cs0_drv:0x00,hd_drv:0x00,wp_drv:0x00
mode:DIO, clock div:2
load:0x3fff0018,len:4
load:0x3fff001c,len:6868
load:0x40078000,len:14724
ho 0 tail 12 room 4
load:0x40080400,len:4292
entry 0x400806e4
I (72) boot: Chip Revision: 1
I (72) boot_comm: chip revision: 1, min. bootloader chip revision: 0
I (41) boot: ESP-IDF  2nd stage bootloader
I (41) boot: compile time 14:28:13
I (52) boot: Enabling RNG early entropy source...
I (52) boot: SPI Speed      : 40MHz
I (52) boot: SPI Mode       : DIO
I (55) boot: SPI Flash Size : 4MB
I (59) boot: Partition Table:
I (63) boot: ## Label            Usage          Type ST Offset   Length
I (70) boot:  0 nvs              WiFi data        01 02 00009000 00006000
I (77) boot:  1 phy_init         RF data          01 01 0000f000 00001000
I (85) boot:  2 factory          factory app      00 00 00010000 00160000
I (92) boot:  3 storage          Unknown data     01 82 00170000 00030000
I (100) boot: End of partition table
I (104) boot_comm: chip revision: 1, min. application chip revision: 0
I (111) esp_image: segment 0: paddr=0x00010020 vaddr=0x3f400020 size=0x3824c (229964) map
I (202) esp_image: segment 1: paddr=0x00048274 vaddr=0x3ffbdb60 size=0x04c1c ( 19484) load
I (210) esp_image: segment 2: paddr=0x0004ce98 vaddr=0x40080000 size=0x00400 (  1024) load
I (211) esp_image: segment 3: paddr=0x0004d2a0 vaddr=0x40080400 size=0x02d70 ( 11632) load
I (222) esp_image: segment 4: paddr=0x00050018 vaddr=0x400d0018 size=0xf3c68 (998504) map
I (580) esp_image: segment 5: paddr=0x00143c88 vaddr=0x40083170 size=0x1a39c (107420) load
I (625) esp_image: segment 6: paddr=0x0015e02c vaddr=0x400c0000 size=0x00064 (   100) load
I (644) boot: Loaded app from partition at offset 0x10000
I (644) boot: Disabling RNG early entropy source...
I (644) cpu_start: Pro cpu up.
I (648) cpu_start: Application information:
I (653) cpu_start: Project name:     cuv
I (657) cpu_start: App version:      83414d2-dirty
I (663) cpu_start: Compile time:     Jul  1 2020 10:59:07
I (669) cpu_start: ELF file SHA256:  494424f425351d49...
I (675) cpu_start: ESP-IDF:          
I (679) cpu_start: Starting app cpu, entry point is 0x40081324
I (0) cpu_start: App cpu up.
I (690) heap_init: Initializing. RAM available for dynamic allocation:
I (696) heap_init: At 3FFAFF10 len 000000F0 (0 KiB): DRAM
I (702) heap_init: At 3FFB6388 len 00001C78 (7 KiB): DRAM
I (709) heap_init: At 3FFB9A20 len 00004108 (16 KiB): DRAM
I (715) heap_init: At 3FFBDB5C len 00000004 (0 KiB): DRAM
I (721) heap_init: At 3FFD0848 len 0000F7B8 (61 KiB): DRAM
I (727) heap_init: At 3FFE0440 len 00003AE0 (14 KiB): D/IRAM
I (733) heap_init: At 3FFE4350 len 0001BCB0 (111 KiB): D/IRAM
I (740) heap_init: At 4009D50C len 00002AF4 (10 KiB): IRAM
I (746) cpu_start: Pro cpu start user code
I (765) spi_flash: detected chip: generic
I (765) spi_flash: flash io: dio
I (765) cpu_start: Starting scheduler on PRO CPU.
I (0) cpu_start: SWscheduler on APP CPU.
This is ESP32 chip with 2 CPU cores, WiFi/BT/BLE, silicon revision 1, 4MB external flash
I (10) SD_TASK: INIT

I (794) SD_TASK: Initializing SPIFFS
I (2264) SD_TASK: Partition size: total: 173441, used: 1757
I (2614) SD_TASK: CONFIG.TXT

I (2754) SD_TASK: Reading Config file
I (3114) SD_TASK: 
cConfigFileVersion=2.0

I (3114) SD_TASK: 
u32TimeToSleepInSec=180

I (3114) SD_TASK: 
u32PeriodLogInSec=30

I (3114) SD_TASK: 
cBuzzerStatus=OFF

I (3114) SD_TASK: 
cWifiAPName=Iphone4_EXT
cWifiPwd=poliana90

I (3124) SD_TASK: 
cHttpDomain=gpslogger.esy.es

I (3134) SD_TASK: 
cPageUrl=http://gpslogger.esy.es/pages/upload/index.php

I (3144) SD_TASK: 
cApn=vodafone.br
cApnLogin= 
cApnPassword= 

I (3144) SD_TASK: 
u32ModemPeriodTxInSec=120

I (3154) BTDM_INIT: BT controller compile version [79dd6f1]
I (3154) system_api: Base MAC address is not set, read default base MAC address from BLK0 of EFUSE
I (3264) phy: phy_version: 4180, cb3948e, Sep 12 2019, 16:39:13, 0, 0
I (3274) GATTS_SPP_DEMO: BleInit init bluetooth

I (3634) DEBUG_TASK: Jun 25 2020
I (3634) DEBUG_TASK: 16:11:43
I (3634) DEBUG_TASK: SOFTWARE_VERSION:2.0.0
I (3634) DEBUG_TASK: 

I (3644) wifi: wifi driver task: 3ffdd258, prio:23, stack:3584, core=0
I (3644) system_api: Base MAC address is not set, read default base MAC address from BLK0 of EFUSE
I (3654) system_api: Base MAC address is not set, read default base MAC address from BLK0 of EFUSE
I (3684) wifi: wifi firmware version: 581f422
I (3684) wifi: config NVS flash: enabled
I (3684) wifi: config nano formating: disabled
I (3684) wifi: Init dynamic tx buffer num: 32
I (3684) wifi: Init data frame dynamic rx buffer num: 32
I (3694) wifi: Init management frame dynamic rx buffer num: 32
I (3694) wifi: Init management short buffer num: 32
I (3704) wifi: Init static rx buffer size: 1600
I (3704) wifi: Init static rx buffer num: 10
I (3714) wifi: Init dynamic rx buffer num: 32
I (3714) WLAN: WiFi configuration:Iphone4_EXT,poliana90
I (4704) wifi: mode : sta (24:0a:c4:31:ed:68) + softAP (24:0a:c4:31:ed:69)
I (4714) wifi: Total power save buffer number: 16
I (4714) wifi: Init max length of beacon: 752/752
I (4714) wifi: Init max length of beacon: 752/752
I (4714) HTTP_SERVER: Starting server on port: '80'
I (4724) HTTP_SERVER: Registering URI handlers
I (4734) HTTP_CLIENT: <<<<HTTPCLI INIT>>>>

I (4734) gpio: GPIO[36]| InputEn: 1| OutputEn: 0| OpenDrain: 0| Pullup: 0| Pulldown: 1| Intr:0 
I (4744) gpio: GPIO[12]| InputEn: 0| OutputEn: 1| OpenDrain: 0| Pullup: 0| Pulldown: 0| Intr:0 
CAN:Driver installed
CAN:Driver started
I (4764) IO_TASK: TaskIo_Init

I (4764) GATTS_SPP_DEMO: The number handle =b

E (4774) GATTS_SPP_DEMO: GAP_EVT, event 4

E (4784) GATTS_SPP_DEMO: GAP_EVT, event 6

I (5724) HTTP_CLIENT: <<<<HTTPCLI CONNECTING>>>>

I (15724) HTTP_CLIENT: HTTP DISCON

W (15724) HTTP_CLIENT: <<<<HTTP DISCONNECTED>>>>

I (16634) DEBUG_TASK: TaskDebug_Gsm_Connecting

I (16724) HTTP_CLIENT: <<<<HTTPCLI INIT>>>>

I (17724) HTTP_CLIENT: <<<<HTTPCLI CONNECTING>>>>

I (21354) wifi: new:<1,0>, old:<1,0>, ap:<1,1>, sta:<0,0>, prof:1
I (21354) wifi: station: 38:80:df:6a:49:97 join, AID=1, bgn, 20
I (21484) WLAN: station 38:80:df:6a:49:97 join, AID=1
I (21844) tcpip_adapter: softAP assign IP to station,IP is: 192.168.4.2
I (27724) HTTP_CLIENT: HTTP DISCON

W (27724) HTTP_CLIENT: <<<<HTTP DISCONNECTED>>>>

I (28634) DEBUG_TASK: TaskDebug_Gsm_Connecting

I (28724) HTTP_CLIENT: <<<<HTTPCLI INIT>>>>

I (29724) HTTP_CLIENT: <<<<HTTPCLI CONNECTING>>>>

I (30804) HTTP_SERVER: Found header => Host: 192.168.4.1
I (30804) HTTP_SERVER: Found URL query => allrad_03=0000000000000000
I (30804) HTTP_SERVER: Found URL query parameter => DATA=0000000000000000
I (30814) HTTP_SERVER: CAN:200,05F0,0000000000000000

I (30824) HTTP_SERVER: Request headers lost
I (30824) IO_TASK: IO:ADD CAN MESSAGE

I (30834) IO_TASK: IO:u32Period=200

I (30834) IO_TASK: IO:CanIdentifier=05F0

***********************************
                                   
  atoh(char *cIn,char *cOut)       
                                   
***********************************
I (30854) IO_TASK: IO:CanIdentifier=0x0005

I (30864) IO_TASK: IO:CanIdentifier=0x05F0

I (30864) IO_TASK: IO:CanData=0000000000000000

***********************************
                                   
  atoh(char *cIn,char *cOut)       
                                   
***********************************
I (30884) IO_TASK: 
IO:CanData=0x00

I (30894) IO_TASK: 
IO:CanData=0x00

I (30894) IO_TASK: 
IO:CanData=0x00

I (30904) IO_TASK: 
IO:CanData=0x00

I (30904) IO_TASK: 
IO:CanData=0x00

I (30914) IO_TASK: 
IO:CanData=0x00

I (30914) IO_TASK: 
IO:CanData=0x00

I (30924) IO_TASK: 
IO:CanData=0x00

I (33954) HTTP_SERVER: Found header => Host: 192.168.4.1
I (34004) HTTP_SERVER: Request headers lost
I (39724) HTTP_CLIENT: HTTP DISCON

W (39724) HTTP_CLIENT: <<<<HTTP DISCONNECTED>>>>

I (40634) DEBUG_TASK: TaskDebug_Gsm_Connecting

I (40724) HTTP_CLIENT: <<<<HTTPCLI INIT>>>>

I (41724) HTTP_CLIENT: <<<<HTTPCLI CONNECTING>>>>

I (46264) HTTP_SERVER: Found header => Host: 192.168.4.1
I (46264) HTTP_SERVER: Found URL query => esp_02=0000000000000000
I (46274) HTTP_SERVER: Found URL query parameter => DATA=0000000000000000
I (46274) HTTP_SERVER: CAN:200,05F0,0000000000000000

I (46284) IO_TASK: IO:ADD CAN MESSAGE

I (46284) IO_TASK: IO:u32Period=200

W (46294) httpd_txrx: httpd_sock_err: error in send : 104
I (46294) IO_TASK: IO:CanIdentifier=05F0

I (46294) HTTP_SERVER: Request headers lost
***********************************
                                   
  atoh(char *cIn,char *cOut)       
                                   
***********************************
W (46314) httpd_txrx: httpd_sock_err: error in recv : 104
I (46324) IO_TASK: IO:CanIdentifier=0x0005

I (46334) IO_TASK: IO:CanIdentifier=0x05F0

I (46344) IO_TASK: IO:CanData=0000000000000000

***********************************
                                   
  atoh(char *cIn,char *cOut)       
                                   
***********************************
I (46354) HTTP_SERVER: Found header => Host: 192.168.4.1
I (46364) IO_TASK: 
IO:CanData=0x00

I (46364) HTTP_SERVER: Found URL query => esp_02=0000000000000000
I (46374) IO_TASK: 
IO:CanData=0x00

I (46384) HTTP_SERVER: Found URL query parameter => DATA=0000000000000000
I (46384) IO_TASK: 
IO:CanData=0x00

I (46394) HTTP_SERVER: CAN:200,05F0,0000000000000000

I (46394) IO_TASK: 
IO:CanData=0x00

I (46404) IO_TASK: 
IO:CanData=0x00

I (46404) HTTP_SERVER: Request headers lost
I (46414) IO_TASK: 
IO:CanData=0x00

I (46424) IO_TASK: 
IO:CanData=0x00

I (46424) IO_TASK: 
IO:CanData=0x00

I (46434) IO_TASK: IO:ADD CAN MESSAGE

I (46434) IO_TASK: IO:u32Period=200

I (46444) IO_TASK: IO:CanIdentifier=05F0

***********************************
                                   
  atoh(char *cIn,char *cOut)       
                                   
***********************************
I (46464) IO_TASK: IO:CanIdentifier=0x0005

I (46464) IO_TASK: IO:CanIdentifier=0x05F0

I (46474) IO_TASK: IO:CanData=0000000000000000

***********************************
                                   
  atoh(char *cIn,char *cOut)       
                                   
***********************************
I (46494) IO_TASK: 
IO:CanData=0x00

I (46494) IO_TASK: 
IO:CanData=0x00

I (46504) IO_TASK: 
IO:CanData=0x00

I (46504) IO_TASK: 
IO:CanData=0x00

I (46514) IO_TASK: 
IO:CanData=0x00

I (46514) IO_TASK: 
IO:CanData=0x00

I (46524) IO_TASK: 
IO:CanData=0x00

I (46524) IO_TASK: 
IO:CanData=0x00

I (47964) HTTP_SERVER: Found header => Host: 192.168.4.1
I (48014) HTTP_SERVER: Request headers lost
I (51724) HTTP_CLIENT: HTTP DISCON

W (51724) HTTP_CLIENT: <<<<HTTP DISCONNECTED>>>>

I (52634) DEBUG_TASK: TaskDebug_Gsm_Connecting

I (52724) HTTP_CLIENT: <<<<HTTPCLI INIT>>>>

I (53724) HTTP_CLIENT: <<<<HTTPCLI CONNECTING>>>>

I (59584) HTTP_SERVER: Found header => Host: 192.168.4.1
I (59584) HTTP_SERVER: Found URL query => esp_21=0000000000000000
I (59584) HTTP_SERVER: Found URL query parameter => DATA=0000000000000000
I (59594) HTTP_SERVER: CAN:200,05F0,0000000000000000

I (59604) IO_TASK: IO:ADD CAN MESSAGE

I (59604) IO_TASK: IO:u32Period=200

I (59604) IO_TASK: IO:CanIdentifier=05F0

***********************************
                                   
  atoh(char *cIn,char *cOut)       
                                   
***********************************
I (59624) IO_TASK: IO:CanIdentifier=0x0005

I (59614) HTTP_SERVER: Request headers lost
I (59634) IO_TASK: IO:CanIdentifier=0x05F0

I (59644) IO_TASK: IO:CanData=0000000000000000

***********************************
                                   
  atoh(char *cIn,char *cOut)       
                                   
***********************************
I (59664) IO_TASK: 
IO:CanData=0x00

I (59674) IO_TASK: 
IO:CanData=0x00

I (59674) IO_TASK: 
IO:CanData=0x00

I (59684) IO_TASK: 
IO:CanData=0x00

I (59684) IO_TASK: 
IO:CanData=0x00

I (59684) IO_TASK: 
IO:CanData=0x00

I (59694) IO_TASK: 
IO:CanData=0x00

I (59694) IO_TASK: 
IO:CanData=0x00

I (63724) HTTP_CLIENT: HTTP DISCON

W (63724) HTTP_CLIENT: <<<<HTTP DISCONNECTED>>>>

I (64634) DEBUG_TASK: TaskDebug_Gsm_Connecting

I (64724) HTTP_CLIENT: <<<<HTTPCLI INIT>>>>

I (65114) HTTP_SERVER: Found header => Host: 192.168.4.1
I (65174) HTTP_SERVER: Request headers lost
I (65724) HTTP_CLIENT: <<<<HTTPCLI CONNECTING>>>>

I (68154) HTTP_SERVER: Found header => Host: 192.168.4.1
I (68154) HTTP_SERVER: Found URL query => motor_04=0000000000000000
I (68154) HTTP_SERVER: Found URL query parameter => DATA=0000000000000000
I (68164) HTTP_SERVER: CAN:200,05F0,0000000000000000

I (68174) HTTP_SERVER: Request headers lost
I (68174) IO_TASK: IO:ADD CAN MESSAGE

I (68174) IO_TASK: IO:u32Period=200

I (68184) IO_TASK: IO:CanIdentifier=05F0

***********************************
                                   
  atoh(char *cIn,char *cOut)       
                                   
***********************************
I (68204) IO_TASK: IO:CanIdentifier=0x0005

I (68204) IO_TASK: IO:CanIdentifier=0x05F0

I (68214) IO_TASK: IO:CanData=0000000000000000

***********************************
                                   
  atoh(char *cIn,char *cOut)       
                                   
***********************************
I (68234) IO_TASK: 
IO:CanData=0x00

I (68234) IO_TASK: 
IO:CanData=0x00

I (68244) IO_TASK: 
IO:CanData=0x00

I (68244) IO_TASK: 
IO:CanData=0x00

I (68254) IO_TASK: 
IO:CanData=0x00

I (68254) IO_TASK: 
IO:CanData=0x00

I (68264) IO_TASK: 
IO:CanData=0x00

I (68264) IO_TASK: 
IO:CanData=0x00

W (71114) httpd_parse: parse_block: request URI/header too long
W (71114) httpd_txrx: httpd_resp_send_err: 431 Request Header Fields Too Large - Header fields are too long for server to interpret
I (75724) HTTP_CLIENT: HTTP DISCON

W (75724) HTTP_CLIENT: <<<<HTTP DISCONNECTED>>>>

I (76634) DEBUG_TASK: TaskDebug_Gsm_Connecting

I (76724) HTTP_CLIENT: <<<<HTTPCLI INIT>>>>

I (77724) HTTP_CLIENT: <<<<HTTPCLI CONNECTING>>>>

I (80414) HTTP_SERVER: Found header => Host: 192.168.4.1
I (80694) HTTP_SERVER: Request headers lost
I (84164) HTTP_SERVER: Found header => Host: 192.168.4.1
I (84164) HTTP_SERVER: Found URL query => motor_29=0000000000000000
I (84164) HTTP_SERVER: Found URL query parameter => DATA=0000000000000000
I (84174) HTTP_SERVER: CAN:200,05F0,0000000000000000

I (84184) HTTP_SERVER: Request headers lost
I (84184) IO_TASK: IO:ADD CAN MESSAGE

I (84184) IO_TASK: IO:u32Period=200

I (84194) IO_TASK: IO:CanIdentifier=05F0

***********************************
                                   
  atoh(char *cIn,char *cOut)       
                                   
***********************************
I (84214) IO_TASK: IO:CanIdentifier=0x0005

I (84214) IO_TASK: IO:CanIdentifier=0x05F0

I (84224) IO_TASK: IO:CanData=0000000000000000

***********************************
                                   
  atoh(char *cIn,char *cOut)       
                                   
***********************************
I (84244) IO_TASK: 
IO:CanData=0x00

I (84254) IO_TASK: 
IO:CanData=0x00

I (84254) IO_TASK: 
IO:CanData=0x00

I (84264) IO_TASK: 
IO:CanData=0x00

I (84264) IO_TASK: 
IO:CanData=0x00

I (84264) IO_TASK: 
IO:CanData=0x00

I (84274) IO_TASK: 
IO:CanData=0x00

I (84274) IO_TASK: 
IO:CanData=0x00

I (87724) HTTP_CLIENT: HTTP DISCON

W (87724) HTTP_CLIENT: <<<<HTTP DISCONNECTED>>>>

I (88634) DEBUG_TASK: TaskDebug_Gsm_Connecting

I (88724) HTTP_CLIENT: <<<<HTTPCLI INIT>>>>

W (89644) httpd_parse: parse_block: request URI/header too long
W (89644) httpd_txrx: httpd_resp_send_err: 431 Request Header Fields Too Large - Header fields are too long for server to interpret
I (89724) HTTP_CLIENT: <<<<HTTPCLI CONNECTING>>>>

I (99724) HTTP_CLIENT: HTTP DISCON

W (99724) HTTP_CLIENT: <<<<HTTP DISCONNECTED>>>>

I (100634) DEBUG_TASK: TaskDebug_Gsm_Connecting

I (100724) HTTP_CLIENT: <<<<HTTPCLI INIT>>>>

I (101724) HTTP_CLIENT: <<<<HTTPCLI CONNECTING>>>>

I (111724) HTTP_CLIENT: HTTP DISCON

W (111724) HTTP_CLIENT: <<<<HTTP DISCONNECTED>>>>

I (112634) DEBUG_TASK: TaskDebug_Gsm_Connecting

I (112724) HTTP_CLIENT: <<<<HTTPCLI INIT>>>>

I (113724) HTTP_CLIENT: <<<<HTTPCLI CONNECTING>>>>

I (123724) HTTP_CLIENT: HTTP DISCON

W (123724) HTTP_CLIENT: <<<<HTTP DISCONNECTED>>>>

I (124634) DEBUG_TASK: TaskDebug_Gsm_Connecting

I (124724) HTTP_CLIENT: <<<<HTTPCLI INIT>>>>

I (125344) IO_TASK: SLEEPING

Enabling EXT1 wakeup on pins GPIO36
ets Jun  8 2016 00:22:57

rst:0x1 (POWERON_RESET),boot:0x13 (SPI_FAST_FLASH_BOOT)
configsip: 0, SPIWP:0xee
clk_drv:0x00,q_drv:0x00,d_drv:0x00,cs0_drv:0x00,hd_drv:0x00,wp_drv:0x00
mode:DIO, clock div:2
load:0x3fff0018,len:4
load:0x3fff001c,len:6868
load:0x40078000,len:14724
ho 0 tail 12 room 4
load:0x40080400,len:4292
entry 0x400806e4
I (72) boot: Chip Revision: 1
I (72) boot_comm: chip revision: 1, min. bootloader chip revision: 0
I (41) boot: ESP-IDF  2nd stage bootloader
I (41) boot: compile time 14:28:13
I (52) boot: Enabling RNG early entropy source...
I (52) boot: SPI Speed      : 40MHz
I (52) boot: SPI Mode       : DIO
I (55) boot: SPI Flash Size : 4MB
I (59) boot: Partition Table:
I (63) boot: ## Label            Usage          Type ST Offset   Length
I (70) boot:  0 nvs              WiFi data        01 02 00009000 00006000
I (77) boot:  1 phy_init         RF data          01 01 0000f000 00001000
I (85) boot:  2 factory          factory app      00 00 00010000 00160000
I (92) boot:  3 storage          Unknown data     01 82 00170000 00030000
I (100) boot: End of partition table
I (104) boot_comm: chip revision: 1, min. application chip revision: 0
I (111) esp_image: segment 0: paddr=0x00010020 vaddr=0x3f400020 size=0x3824c (229964) map
I (202) esp_image: segment 1: paddr=0x00048274 vaddr=0x3ffbdb60 size=0x04c1c ( 19484) load
I (210) esp_image: segment 2: paddr=0x0004ce98 vaddr=0x40080000 size=0x00400 (  1024) load
I (211) esp_image: segment 3: paddr=0x0004d2a0 vaddr=0x40080400 size=0x02d70 ( 11632) load
I (222) esp_image: segment 4: paddr=0x00050018 vaddr=0x400d0018 size=0xf3c68 (998504) map
I (580) esp_image: segment 5: paddr=0x00143c88 vaddr=0x40083170 size=0x1a39c (107420) load
I (625) esp_image: segment 6: paddr=0x0015e02c vaddr=0x400c0000 size=0x00064 (   100) load
I (644) boot: Loaded app from partition at offset 0x10000
I (644) boot: Disabling RNG early entropy source...
I (644) cpu_start: Pro cpu up.
I (648) cpu_start: Application information:
I (653) cpu_start: Project name:     cuv
I (657) cpu_start: App version:      83414d2-dirty
I (663) cpu_start: Compile time:     Jul  1 2020 10:59:07
I (669) cpu_start: ELF file SHA256:  494424f425351d49...
I (675) cpu_start: ESP-IDF:          
I (679) cpu_start: Starting app cpu, entry point is 0x40081324
I (0) cpu_start: App cpu up.
I (690) heap_init: Initializing. RAM available for dynamic allocation:
I (696) heap_init: At 3FFAFF10 len 000000F0 (0 KiB): DRAM
I (702) heap_init: At 3FFB6388 len 00001C78 (7 KiB): DRAM
I (709) heap_init: At 3FFB9A20 len 00004108 (16 KiB): DRAM
I (715) heap_init: At 3FFBDB5C len 00000004 (0 KiB): DRAM
I (721) heap_init: At 3FFD0848 len 0000F7B8 (61 KiB): DRAM
I (727) heap_init: At 3FFE0440 len 00003AE0 (14 KiB): D/IRAM
I (733) heap_init: At 3FFE4350 len 0001BCB0 (111 KiB): D/IRAM
I (740) heap_init: At 4009D50C len 00002AF4 (10 KiB): IRAM
I (746) cpu_start: Pro cpu start user code
I (764) spi_flash: detected chip: generic
I (765) spi_flash: flash io: dio
I (765) cpu_start: Starting scheduler on PRO CPU.
I (0) cpu_start: SWscheduler on APP CPU.
This is ESP32 chip with 2 CPU cores, WiFi/BT/BLE, silicon revision 1, 4MB external flash
I (10) SD_TASK: INIT

I (794) SD_TASK: Initializing SPIFFS
I (2264) SD_TASK: Partition size: total: 173441, used: 1757
I (2614) SD_TASK: CONFIG.TXT

I (2754) SD_TASK: Reading Config file
I (3114) SD_TASK: 
cConfigFileVersion=2.0

I (3114) SD_TASK: 
u32TimeToSleepInSec=180

I (3114) SD_TASK: 
u32PeriodLogInSec=30

I (3114) SD_TASK: 
cBuzzerStatus=OFF

I (3114) SD_TASK: 
cWifiAPName=Iphone4_EXT
cWifiPwd=poliana90

I (3124) SD_TASK: 
cHttpDomain=gpslogger.esy.es

I (3134) SD_TASK: 
cPageUrl=http://gpslogger.esy.es/pages/upload/index.php

I (3144) SD_TASK: 
cApn=vodafone.br
cApnLogin= 
cApnPassword= 

I (3144) SD_TASK: 
u32ModemPeriodTxInSec=120

I (3154) BTDM_INIT: BT controller compile version [79dd6f1]
I (3154) system_api: Base MAC address is not set, read default base MAC address from BLK0 of EFUSE
I (3264) phy: phy_version: 4180, cb3948e, Sep 12 2019, 16:39:13, 0, 0
I (3264) GATTS_SPP_DEMO: BleInit init bluetooth

I (3634) DEBUG_TASK: Jun 25 2020
I (3634) DEBUG_TASK: 16:11:43
I (3634) DEBUG_TASK: SOFTWARE_VERSION:2.0.0
I (3644) DEBUG_TASK: 

I (3654) wifi: wifi driver task: 3ffdd258, prio:23, stack:3584, core=0
I (3654) system_api: Base MAC address is not set, read default base MAC address from BLK0 of EFUSE
I (3664) system_api: Base MAC address is not set, read default base MAC address from BLK0 of EFUSE
I (3684) wifi: wifi firmware version: 581f422
I (3684) wifi: config NVS flash: enabled
I (3684) wifi: config nano formating: disabled
I (3684) wifi: Init dynamic tx buffer num: 32
I (3694) wifi: Init data frame dynamic rx buffer num: 32
I (3694) wifi: Init management frame dynamic rx buffer num: 32
I (3704) wifi: Init management short buffer num: 32
I (3704) wifi: Init static rx buffer size: 1600
I (3714) wifi: Init static rx buffer num: 10
I (3714) wifi: Init dynamic rx buffer num: 32
I (3724) WLAN: WiFi configuration:Iphone4_EXT,poliana90
I (4714) wifi: mode : sta (24:0a:c4:31:ed:68) + softAP (24:0a:c4:31:ed:69)
I (4714) wifi: Total power save buffer number: 16
I (4714) wifi: Init max length of beacon: 752/752
I (4714) wifi: Init max length of beacon: 752/752
I (4724) HTTP_SERVER: Starting server on port: '80'
I (4734) HTTP_SERVER: Registering URI handlers
I (4734) HTTP_CLIENT: <<<<HTTPCLI INIT>>>>

I (4734) gpio: GPIO[36]| InputEn: 1| OutputEn: 0| OpenDrain: 0| Pullup: 0| Pulldown: 1| Intr:0 
I (4744) gpio: GPIO[12]| InputEn: 0| OutputEn: 1| OpenDrain: 0| Pullup: 0| Pulldown: 0| Intr:0 
CAN:Driver installed
CAN:Driver started
I (4764) IO_TASK: TaskIo_Init

I (4764) GATTS_SPP_DEMO: The number handle =b

E (4774) GATTS_SPP_DEMO: GAP_EVT, event 4

E (4784) GATTS_SPP_DEMO: GAP_EVT, event 6

I (5734) HTTP_CLIENT: <<<<HTTPCLI CONNECTING>>>>

I (15734) HTTP_CLIENT: HTTP DISCON

W (15734) HTTP_CLIENT: <<<<HTTP DISCONNECTED>>>>

I (16644) DEBUG_TASK: TaskDebug_Gsm_Connecting

I (16734) HTTP_CLIENT: <<<<HTTPCLI INIT>>>>

I (17734) HTTP_CLIENT: <<<<HTTPCLI CONNECTING>>>>

I (23714) wifi: new:<1,0>, old:<1,0>, ap:<1,1>, sta:<0,0>, prof:1
I (23714) wifi: station: 38:80:df:6a:49:97 join, AID=1, bgn, 20
I (23864) WLAN: station 38:80:df:6a:49:97 join, AID=1
I (24104) tcpip_adapter: softAP assign IP to station,IP is: 192.168.4.2
I (27734) HTTP_CLIENT: HTTP DISCON

W (27734) HTTP_CLIENT: <<<<HTTP DISCONNECTED>>>>

I (28644) DEBUG_TASK: TaskDebug_Gsm_Connecting

I (28734) HTTP_CLIENT: <<<<HTTPCLI INIT>>>>

I (29734) HTTP_CLIENT: <<<<HTTPCLI CONNECTING>>>>

I (39734) HTTP_CLIENT: HTTP DISCON

W (39734) HTTP_CLIENT: <<<<HTTP DISCONNECTED>>>>

I (40644) DEBUG_TASK: TaskDebug_Gsm_Connecting

I (40734) HTTP_CLIENT: <<<<HTTPCLI INIT>>>>

I (41734) HTTP_CLIENT: <<<<HTTPCLI CONNECTING>>>>

I (51734) HTTP_CLIENT: HTTP DISCON

W (51734) HTTP_CLIENT: <<<<HTTP DISCONNECTED>>>>

I (52644) DEBUG_TASK: TaskDebug_Gsm_Connecting

I (52734) HTTP_CLIENT: <<<<HTTPCLI INIT>>>>

I (53734) HTTP_CLIENT: <<<<HTTPCLI CONNECTING>>>>

I (57314) HTTP_SERVER: Found header => Host: 192.168.4.1
I (57354) HTTP_SERVER: Request headers lost
I (58324) HTTP_SERVER: Found header => Host: 192.168.4.1
I (58364) HTTP_SERVER: Request headers lost
I (62184) HTTP_SERVER: Found header => Host: 192.168.4.1
I (62184) HTTP_SERVER: Found URL query => esp_21=0000000000000000
I (62184) HTTP_SERVER: Found URL query parameter => DATA=0000000000000000
I (62194) HTTP_SERVER: CAN:200,05F0,0000000000000000

I (62204) IO_TASK: IO:ADD CAN MESSAGE

I (62204) IO_TASK: IO:u32Period=200

I (62214) IO_TASK: IO:CanIdentifier=05F0

I (62214) HTTP_SERVER: Request headers lost
***********************************
                                   
  atoh(char *cIn,char *cOut)       
                                   
***********************************
I (62234) IO_TASK: IO:CanIdentifier=0x0005

I (62244) IO_TASK: IO:CanIdentifier=0x05F0

I (62244) IO_TASK: IO:CanData=0000000000000000

***********************************
                                   
  atoh(char *cIn,char *cOut)       
                                   
***********************************
I (62264) IO_TASK: 
IO:CanData=0x00

I (62274) IO_TASK: 
IO:CanData=0x00

I (62274) IO_TASK: 
IO:CanData=0x00

I (62284) IO_TASK: 
IO:CanData=0x00

I (62284) IO_TASK: 
IO:CanData=0x00

I (62294) IO_TASK: 
IO:CanData=0x00

I (62294) IO_TASK: 
IO:CanData=0x00

I (62304) IO_TASK: 
IO:CanData=0x00

I (63644) HTTP_SERVER: Found header => Host: 192.168.4.1
I (63694) HTTP_SERVER: Request headers lost
I (63734) HTTP_CLIENT: HTTP DISCON

W (63734) HTTP_CLIENT: <<<<HTTP DISCONNECTED>>>>

I (64644) DEBUG_TASK: TaskDebug_Gsm_Connecting

I (64734) HTTP_CLIENT: <<<<HTTPCLI INIT>>>>

I (65714) HTTP_SERVER: Found header => Host: 192.168.4.1
I (65714) HTTP_SERVER: Found URL query => motor_04=0000000000000000
I (65724) HTTP_SERVER: Found URL query parameter => DATA=0000000000000000
I (65724) HTTP_SERVER: CAN:200,05F0,0000000000000000

I (65734) HTTP_CLIENT: <<<<HTTPCLI CONNECTING>>>>

I (65744) IO_TASK: IO:ADD CAN MESSAGE

I (65744) IO_TASK: IO:u32Period=200

I (65744) IO_TASK: IO:CanIdentifier=05F0

***********************************
                                   
  atoh(char *cIn,char *cOut)       
                                   
***********************************
I (65774) IO_TASK: IO:CanIdentifier=0x0005

I (65754) HTTP_SERVER: Request headers lost
I (65774) IO_TASK: IO:CanIdentifier=0x05F0

I (65784) IO_TASK: IO:CanData=0000000000000000

***********************************
                                   
  atoh(char *cIn,char *cOut)       
                                   
***********************************
I (65804) IO_TASK: 
IO:CanData=0x00

I (65814) IO_TASK: 
IO:CanData=0x00

I (65814) IO_TASK: 
IO:CanData=0x00

I (65824) IO_TASK: 
IO:CanData=0x00

I (65824) IO_TASK: 
IO:CanData=0x00

I (65834) IO_TASK: 
IO:CanData=0x00

I (65834) IO_TASK: 
IO:CanData=0x00

I (65834) IO_TASK: 
IO:CanData=0x00

W (67914) httpd_parse: parse_block: request URI/header too long
W (67914) httpd_txrx: httpd_resp_send_err: 431 Request Header Fields Too Large - Header fields are too long for server to interpret
I (75744) HTTP_CLIENT: HTTP DISCON

W (75744) HTTP_CLIENT: <<<<HTTP DISCONNECTED>>>>

I (76644) DEBUG_TASK: TaskDebug_Gsm_Connecting

I (76744) HTTP_CLIENT: <<<<HTTPCLI INIT>>>>

I (77744) HTTP_CLIENT: <<<<HTTPCLI CONNECTING>>>>

I (87744) HTTP_CLIENT: HTTP DISCON

W (87744) HTTP_CLIENT: <<<<HTTP DISCONNECTED>>>>

I (88644) DEBUG_TASK: TaskDebug_Gsm_Connecting

I (88744) HTTP_CLIENT: <<<<HTTPCLI INIT>>>>

I (89744) HTTP_CLIENT: <<<<HTTPCLI CONNECTING>>>>

I (99744) HTTP_CLIENT: HTTP DISCON

W (99744) HTTP_CLIENT: <<<<HTTP DISCONNECTED>>>>

I (100644) DEBUG_TASK: TaskDebug_Gsm_Connecting

I (100744) HTTP_CLIENT: <<<<HTTPCLI INIT>>>>

I (101744) HTTP_CLIENT: <<<<HTTPCLI CONNECTING>>>>

I (111744) HTTP_CLIENT: HTTP DISCON

W (111744) HTTP_CLIENT: <<<<HTTP DISCONNECTED>>>>

I (112644) DEBUG_TASK: TaskDebug_Gsm_Connecting

I (112744) HTTP_CLIENT: <<<<HTTPCLI INIT>>>>

I (113744) HTTP_CLIENT: <<<<HTTPCLI CONNECTING>>>>

I (123744) HTTP_CLIENT: HTTP DISCON

W (123744) HTTP_CLIENT: <<<<HTTP DISCONNECTED>>>>

I (124644) DEBUG_TASK: TaskDebug_Gsm_Connecting

I (124744) HTTP_CLIENT: <<<<HTTPCLI INIT>>>>

I (124944) IO_TASK: SLEEPING

Enabling EXT1 wakeup on pins GPIO36
ets Jun  8 2016 00:22:57

rst:0x1 (POWERON_RESET),boot:0x13 (SPI_FAST_FLASH_BOOT)
configsip: 0, SPIWP:0xee
clk_drv:0x00,q_drv:0x00,d_drv:0x00,cs0_drv:0x00,hd_drv:0x00,wp_drv:0x00
mode:DIO, clock div:2
load:0x3fff0018,len:4
load:0x3fff001c,len:6868
load:0x40078000,len:14724
ho 0 tail 12 room 4
load:0x40080400,len:4292
entry 0x400806e4
I (72) boot: Chip Revision: 1
I (72) boot_comm: chip revision: 1, min. bootloader chip revision: 0
I (41) boot: ESP-IDF  2nd stage bootloader
I (41) boot: compile time 14:28:13
I (52) boot: Enabling RNG early entropy source...
I (52) boot: SPI Speed      : 40MHz
I (52) boot: SPI Mode       : DIO
I (55) boot: SPI Flash Size : 4MB
I (59) boot: Partition Table:
I (63) boot: ## Label            Usage          Type ST Offset   Length
I (70) boot:  0 nvs              WiFi data        01 02 00009000 00006000
I (77) boot:  1 phy_init         RF data          01 01 0000f000 00001000
I (85) boot:  2 factory          factory app      00 00 00010000 00160000
I (92) boot:  3 storage          Unknown data     01 82 00170000 00030000
I (100) boot: End of partition table
I (104) boot_comm: chip revision: 1, min. application chip revision: 0
I (111) esp_image: segment 0: paddr=0x00010020 vaddr=0x3f400020 size=0x3824c (229964) map
I (202) esp_image: segment 1: paddr=0x00048274 vaddr=0x3ffbdb60 size=0x04c1c ( 19484) load
I (210) esp_image: segment 2: paddr=0x0004ce98 vaddr=0x40080000 size=0x00400 (  1024) load
I (211) esp_image: segment 3: paddr=0x0004d2a0 vaddr=0x40080400 size=0x02d70 ( 11632) load
I (222) esp_image: segment 4: paddr=0x00050018 vaddr=0x400d0018 size=0xf3c68 (998504) map
I (580) esp_image: segment 5: paddr=0x00143c88 vaddr=0x40083170 size=0x1a39c (107420) load
I (625) esp_image: segment 6: paddr=0x0015e02c vaddr=0x400c0000 size=0x00064 (   100) load
I (644) boot: Loaded app from partition at offset 0x10000
I (644) boot: Disabling RNG early entropy source...
I (644) cpu_start: Pro cpu up.
I (648) cpu_start: Application information:
I (653) cpu_start: Project name:     cuv
I (657) cpu_start: App version:      83414d2-dirty
I (663) cpu_start: Compile time:     Jul  1 2020 10:59:07
I (669) cpu_start: ELF file SHA256:  494424f425351d49...
I (675) cpu_start: ESP-IDF:          
I (679) cpu_start: Starting app cpu, entry point is 0x40081324
I (0) cpu_start: App cpu up.
I (690) heap_init: Initializing. RAM available for dynamic allocation:
I (696) heap_init: At 3FFAFF10 len 000000F0 (0 KiB): DRAM
I (702) heap_init: At 3FFB6388 len 00001C78 (7 KiB): DRAM
I (708) heap_init: At 3FFB9A20 len 00004108 (16 KiB): DRAM
I (715) heap_init: At 3FFBDB5C len 00000004 (0 KiB): DRAM
I (721) heap_init: At 3FFD0848 len 0000F7B8 (61 KiB): DRAM
I (727) heap_init: At 3FFE0440 len 00003AE0 (14 KiB): D/IRAM
I (733) heap_init: At 3FFE4350 len 0001BCB0 (111 KiB): D/IRAM
I (740) heap_init: At 4009D50C len 00002AF4 (10 KiB): IRAM
I (746) cpu_start: Pro cpu start user code
I (764) spi_flash: detected chip: generic
I (765) spi_flash: flash io: dio
I (765) cpu_start: Starting scheduler on PRO CPU.
I (0) cpu_start: SWscheduler on APP CPU.
This is ESP32 chip with 2 CPU cores, WiFi/BT/BLE, silicon revision 1, 4MB external flash
I (10) SD_TASK: INIT

I (794) SD_TASK: Initializing SPIFFS
I (2264) SD_TASK: Partition size: total: 173441, used: 1757
I (2614) SD_TASK: CONFIG.TXT

I (2754) SD_TASK: Reading Config file
I (3114) SD_TASK: 
cConfigFileVersion=2.0

I (3114) SD_TASK: 
u32TimeToSleepInSec=180

I (3114) SD_TASK: 
u32PeriodLogInSec=30

I (3114) SD_TASK: 
cBuzzerStatus=OFF

I (3114) SD_TASK: 
cWifiAPName=Iphone4_EXT
cWifiPwd=poliana90

I (3124) SD_TASK: 
cHttpDomain=gpslogger.esy.es

I (3134) SD_TASK: 
cPageUrl=http://gpslogger.esy.es/pages/upload/index.php

I (3144) SD_TASK: 
cApn=vodafone.br
cApnLogin= 
cApnPassword= 

I (3144) SD_TASK: 
u32ModemPeriodTxInSec=120

I (3154) BTDM_INIT: BT controller compile version [79dd6f1]
I (3154) system_api: Base MAC address is not set, read default base MAC address from BLK0 of EFUSE
I (3264) phy: phy_version: 4180, cb3948e, Sep 12 2019, 16:39:13, 0, 0
I (3264) GATTS_SPP_DEMO: BleInit init bluetooth

I (3624) DEBUG_TASK: Jun 25 2020
I (3624) DEBUG_TASK: 16:11:43
I (3624) DEBUG_TASK: SOFTWARE_VERSION:2.0.0
I (3634) DEBUG_TASK: 

I (3644) wifi: wifi driver task: 3ffdd258, prio:23, stack:3584, core=0
I (3644) system_api: Base MAC address is not set, read default base MAC address from BLK0 of EFUSE
I (3654) system_api: Base MAC address is not set, read default base MAC address from BLK0 of EFUSE
I (3674) wifi: wifi firmware version: 581f422
I (3674) wifi: config NVS flash: enabled
I (3674) wifi: config nano formating: disabled
I (3674) wifi: Init dynamic tx buffer num: 32
I (3684) wifi: Init data frame dynamic rx buffer num: 32
I (3684) wifi: Init management frame dynamic rx buffer num: 32
I (3694) wifi: Init management short buffer num: 32
I (3694) wifi: Init static rx buffer size: 1600
I (3704) wifi: Init static rx buffer num: 10
I (3704) wifi: Init dynamic rx buffer num: 32
I (3714) WLAN: WiFi configuration:Iphone4_EXT,poliana90
I (4704) wifi: mode : sta (24:0a:c4:31:ed:68) + softAP (24:0a:c4:31:ed:69)
I (4704) wifi: Total power save buffer number: 16
I (4704) wifi: Init max length of beacon: 752/752
I (4704) wifi: Init max length of beacon: 752/752
I (4714) HTTP_SERVER: Starting server on port: '80'
I (4724) HTTP_SERVER: Registering URI handlers
I (4724) HTTP_CLIENT: <<<<HTTPCLI INIT>>>>

I (4724) gpio: GPIO[36]| InputEn: 1| OutputEn: 0| OpenDrain: 0| Pullup: 0| Pulldown: 1| Intr:0 
I (4734) gpio: GPIO[12]| InputEn: 0| OutputEn: 1| OpenDrain: 0| Pullup: 0| Pulldown: 0| Intr:0 
CAN:Driver installed
CAN:Driver started
I (4754) IO_TASK: TaskIo_Init

I (4754) GATTS_SPP_DEMO: The number handle =b

E (4764) GATTS_SPP_DEMO: GAP_EVT, event 4

E (4774) GATTS_SPP_DEMO: GAP_EVT, event 6

I (5724) HTTP_CLIENT: <<<<HTTPCLI CONNECTING>>>>

I (10994) wifi: new:<1,0>, old:<1,0>, ap:<1,1>, sta:<0,0>, prof:1
I (10994) wifi: station: 38:80:df:6a:49:97 join, AID=1, bgn, 20
I (11134) WLAN: station 38:80:df:6a:49:97 join, AID=1
I (11334) tcpip_adapter: softAP assign IP to station,IP is: 192.168.4.2
I (15724) HTTP_CLIENT: HTTP DISCON

W (15724) HTTP_CLIENT: <<<<HTTP DISCONNECTED>>>>

I (16634) DEBUG_TASK: TaskDebug_Gsm_Connecting

I (16724) HTTP_CLIENT: <<<<HTTPCLI INIT>>>>

I (17724) HTTP_CLIENT: <<<<HTTPCLI CONNECTING>>>>

I (25424) HTTP_SERVER: Found header => Host: 192.168.4.1
I (25474) HTTP_SERVER: Request headers lost
I (27054) HTTP_SERVER: Found header => Host: 192.168.4.1
I (27094) HTTP_SERVER: Request headers lost
I (27724) HTTP_CLIENT: HTTP DISCON

W (27724) HTTP_CLIENT: <<<<HTTP DISCONNECTED>>>>

I (28634) DEBUG_TASK: TaskDebug_Gsm_Connecting

I (28724) HTTP_CLIENT: <<<<HTTPCLI INIT>>>>

I (29674) HTTP_SERVER: Found header => Host: 192.168.4.1
I (29674) HTTP_SERVER: Found URL query => esp_02=0000000000000000
I (29674) HTTP_SERVER: Found URL query parameter => DATA=0000000000000000
I (29684) HTTP_SERVER: CAN:200,05F0,0000000000000000

I (29684) IO_TASK: IO:ADD CAN MESSAGE

I (29694) IO_TASK: IO:u32Period=200

I (29694) IO_TASK: IO:CanIdentifier=05F0

I (29694) HTTP_SERVER: Request headers lost
***********************************
                                   
  atoh(char *cIn,char *cOut)       
                                   
***********************************
I (29724) HTTP_CLIENT: <<<<HTTPCLI CONNECTING>>>>

I (29724) IO_TASK: IO:CanIdentifier=0x0005

I (29734) IO_TASK: IO:CanIdentifier=0x05F0

I (29734) IO_TASK: IO:CanData=0000000000000000

***********************************
                                   
  atoh(char *cIn,char *cOut)       
                                   
***********************************
I (29754) IO_TASK: 
IO:CanData=0x00

I (29764) IO_TASK: 
IO:CanData=0x00

I (29764) IO_TASK: 
IO:CanData=0x00

I (29774) IO_TASK: 
IO:CanData=0x00

I (29774) IO_TASK: 
IO:CanData=0x00

I (29784) IO_TASK: 
IO:CanData=0x00

I (29784) IO_TASK: 
IO:CanData=0x00

I (29794) IO_TASK: 
IO:CanData=0x00

I (31884) HTTP_SERVER: Found header => Host: 192.168.4.1
I (32154) HTTP_SERVER: Request headers lost
I (34124) HTTP_SERVER: Found header => Host: 192.168.4.1
I (34124) HTTP_SERVER: Found URL query => esp_02=0000000000000000
I (34124) HTTP_SERVER: Found URL query parameter => DATA=0000000000000000
I (34134) HTTP_SERVER: CAN:200,05F0,0000000000000000

I (34144) IO_TASK: IO:ADD CAN MESSAGE

I (34144) IO_TASK: IO:u32Period=200

I (34144) IO_TASK: IO:CanIdentifier=05F0

I (34144) HTTP_SERVER: Request headers lost
***********************************
                                   
  atoh(char *cIn,char *cOut)       
                                   
***********************************
I (34174) IO_TASK: IO:CanIdentifier=0x0005

